###############################################################################
#
# IAR ELF Linker V7.80.4.12462/W32 for ARM                20/Jul/2017  16:44:11
# Copyright 2007-2017 IAR Systems AB.
#
#    Output file  =  
#        C:\Users\Sanjoth\Desktop\Merged
#        Program\MEMS+SIM\STM32CubeExpansion_MEMS1_V4.0.0\Projects\Multi\Examples\IKS01A1\DataLog\EWARM\STM32L152RE-Nucleo\STM32L1xx-Nucleo\Exe\Project.out
#    Map file     =  
#        C:\Users\Sanjoth\Desktop\Merged
#        Program\MEMS+SIM\STM32CubeExpansion_MEMS1_V4.0.0\Projects\Multi\Examples\IKS01A1\DataLog\EWARM\STM32L152RE-Nucleo\STM32L1xx-Nucleo\List\Project.map
#    Command line =  
#        "C:\Users\Sanjoth\Desktop\Merged
#        Program\MEMS+SIM\STM32CubeExpansion_MEMS1_V4.0.0\Projects\Multi\Examples\IKS01A1\DataLog\EWARM\STM32L152RE-Nucleo\STM32L1xx-Nucleo\Obj\cube_hal_l1.o"
#        "C:\Users\Sanjoth\Desktop\Merged
#        Program\MEMS+SIM\STM32CubeExpansion_MEMS1_V4.0.0\Projects\Multi\Examples\IKS01A1\DataLog\EWARM\STM32L152RE-Nucleo\STM32L1xx-Nucleo\Obj\DemoSerial.o"
#        "C:\Users\Sanjoth\Desktop\Merged
#        Program\MEMS+SIM\STM32CubeExpansion_MEMS1_V4.0.0\Projects\Multi\Examples\IKS01A1\DataLog\EWARM\STM32L152RE-Nucleo\STM32L1xx-Nucleo\Obj\gsm.o"
#        "C:\Users\Sanjoth\Desktop\Merged
#        Program\MEMS+SIM\STM32CubeExpansion_MEMS1_V4.0.0\Projects\Multi\Examples\IKS01A1\DataLog\EWARM\STM32L152RE-Nucleo\STM32L1xx-Nucleo\Obj\HTS221_Driver.o"
#        "C:\Users\Sanjoth\Desktop\Merged
#        Program\MEMS+SIM\STM32CubeExpansion_MEMS1_V4.0.0\Projects\Multi\Examples\IKS01A1\DataLog\EWARM\STM32L152RE-Nucleo\STM32L1xx-Nucleo\Obj\HTS221_Driver_HL.o"
#        "C:\Users\Sanjoth\Desktop\Merged
#        Program\MEMS+SIM\STM32CubeExpansion_MEMS1_V4.0.0\Projects\Multi\Examples\IKS01A1\DataLog\EWARM\STM32L152RE-Nucleo\STM32L1xx-Nucleo\Obj\LIS3MDL_MAG_driver.o"
#        "C:\Users\Sanjoth\Desktop\Merged
#        Program\MEMS+SIM\STM32CubeExpansion_MEMS1_V4.0.0\Projects\Multi\Examples\IKS01A1\DataLog\EWARM\STM32L152RE-Nucleo\STM32L1xx-Nucleo\Obj\LIS3MDL_MAG_driver_HL.o"
#        "C:\Users\Sanjoth\Desktop\Merged
#        Program\MEMS+SIM\STM32CubeExpansion_MEMS1_V4.0.0\Projects\Multi\Examples\IKS01A1\DataLog\EWARM\STM32L152RE-Nucleo\STM32L1xx-Nucleo\Obj\LPS22HB_Driver.o"
#        "C:\Users\Sanjoth\Desktop\Merged
#        Program\MEMS+SIM\STM32CubeExpansion_MEMS1_V4.0.0\Projects\Multi\Examples\IKS01A1\DataLog\EWARM\STM32L152RE-Nucleo\STM32L1xx-Nucleo\Obj\LPS22HB_Driver_HL.o"
#        "C:\Users\Sanjoth\Desktop\Merged
#        Program\MEMS+SIM\STM32CubeExpansion_MEMS1_V4.0.0\Projects\Multi\Examples\IKS01A1\DataLog\EWARM\STM32L152RE-Nucleo\STM32L1xx-Nucleo\Obj\LPS25HB_Driver.o"
#        "C:\Users\Sanjoth\Desktop\Merged
#        Program\MEMS+SIM\STM32CubeExpansion_MEMS1_V4.0.0\Projects\Multi\Examples\IKS01A1\DataLog\EWARM\STM32L152RE-Nucleo\STM32L1xx-Nucleo\Obj\LPS25HB_Driver_HL.o"
#        "C:\Users\Sanjoth\Desktop\Merged
#        Program\MEMS+SIM\STM32CubeExpansion_MEMS1_V4.0.0\Projects\Multi\Examples\IKS01A1\DataLog\EWARM\STM32L152RE-Nucleo\STM32L1xx-Nucleo\Obj\LSM6DS0_ACC_GYRO_driver.o"
#        "C:\Users\Sanjoth\Desktop\Merged
#        Program\MEMS+SIM\STM32CubeExpansion_MEMS1_V4.0.0\Projects\Multi\Examples\IKS01A1\DataLog\EWARM\STM32L152RE-Nucleo\STM32L1xx-Nucleo\Obj\LSM6DS0_ACC_GYRO_driver_HL.o"
#        "C:\Users\Sanjoth\Desktop\Merged
#        Program\MEMS+SIM\STM32CubeExpansion_MEMS1_V4.0.0\Projects\Multi\Examples\IKS01A1\DataLog\EWARM\STM32L152RE-Nucleo\STM32L1xx-Nucleo\Obj\LSM6DS3_ACC_GYRO_driver.o"
#        "C:\Users\Sanjoth\Desktop\Merged
#        Program\MEMS+SIM\STM32CubeExpansion_MEMS1_V4.0.0\Projects\Multi\Examples\IKS01A1\DataLog\EWARM\STM32L152RE-Nucleo\STM32L1xx-Nucleo\Obj\LSM6DS3_ACC_GYRO_driver_HL.o"
#        "C:\Users\Sanjoth\Desktop\Merged
#        Program\MEMS+SIM\STM32CubeExpansion_MEMS1_V4.0.0\Projects\Multi\Examples\IKS01A1\DataLog\EWARM\STM32L152RE-Nucleo\STM32L1xx-Nucleo\Obj\main.o"
#        "C:\Users\Sanjoth\Desktop\Merged
#        Program\MEMS+SIM\STM32CubeExpansion_MEMS1_V4.0.0\Projects\Multi\Examples\IKS01A1\DataLog\EWARM\STM32L152RE-Nucleo\STM32L1xx-Nucleo\Obj\serial_protocol.o"
#        "C:\Users\Sanjoth\Desktop\Merged
#        Program\MEMS+SIM\STM32CubeExpansion_MEMS1_V4.0.0\Projects\Multi\Examples\IKS01A1\DataLog\EWARM\STM32L152RE-Nucleo\STM32L1xx-Nucleo\Obj\startup_stm32l152xe.o"
#        "C:\Users\Sanjoth\Desktop\Merged
#        Program\MEMS+SIM\STM32CubeExpansion_MEMS1_V4.0.0\Projects\Multi\Examples\IKS01A1\DataLog\EWARM\STM32L152RE-Nucleo\STM32L1xx-Nucleo\Obj\stm32l1xx_hal.o"
#        "C:\Users\Sanjoth\Desktop\Merged
#        Program\MEMS+SIM\STM32CubeExpansion_MEMS1_V4.0.0\Projects\Multi\Examples\IKS01A1\DataLog\EWARM\STM32L152RE-Nucleo\STM32L1xx-Nucleo\Obj\stm32l1xx_hal_cortex.o"
#        "C:\Users\Sanjoth\Desktop\Merged
#        Program\MEMS+SIM\STM32CubeExpansion_MEMS1_V4.0.0\Projects\Multi\Examples\IKS01A1\DataLog\EWARM\STM32L152RE-Nucleo\STM32L1xx-Nucleo\Obj\stm32l1xx_hal_flash.o"
#        "C:\Users\Sanjoth\Desktop\Merged
#        Program\MEMS+SIM\STM32CubeExpansion_MEMS1_V4.0.0\Projects\Multi\Examples\IKS01A1\DataLog\EWARM\STM32L152RE-Nucleo\STM32L1xx-Nucleo\Obj\stm32l1xx_hal_gpio.o"
#        "C:\Users\Sanjoth\Desktop\Merged
#        Program\MEMS+SIM\STM32CubeExpansion_MEMS1_V4.0.0\Projects\Multi\Examples\IKS01A1\DataLog\EWARM\STM32L152RE-Nucleo\STM32L1xx-Nucleo\Obj\stm32l1xx_hal_i2c.o"
#        "C:\Users\Sanjoth\Desktop\Merged
#        Program\MEMS+SIM\STM32CubeExpansion_MEMS1_V4.0.0\Projects\Multi\Examples\IKS01A1\DataLog\EWARM\STM32L152RE-Nucleo\STM32L1xx-Nucleo\Obj\stm32l1xx_hal_msp.o"
#        "C:\Users\Sanjoth\Desktop\Merged
#        Program\MEMS+SIM\STM32CubeExpansion_MEMS1_V4.0.0\Projects\Multi\Examples\IKS01A1\DataLog\EWARM\STM32L152RE-Nucleo\STM32L1xx-Nucleo\Obj\stm32l1xx_hal_pwr.o"
#        "C:\Users\Sanjoth\Desktop\Merged
#        Program\MEMS+SIM\STM32CubeExpansion_MEMS1_V4.0.0\Projects\Multi\Examples\IKS01A1\DataLog\EWARM\STM32L152RE-Nucleo\STM32L1xx-Nucleo\Obj\stm32l1xx_hal_pwr_ex.o"
#        "C:\Users\Sanjoth\Desktop\Merged
#        Program\MEMS+SIM\STM32CubeExpansion_MEMS1_V4.0.0\Projects\Multi\Examples\IKS01A1\DataLog\EWARM\STM32L152RE-Nucleo\STM32L1xx-Nucleo\Obj\stm32l1xx_hal_rcc.o"
#        "C:\Users\Sanjoth\Desktop\Merged
#        Program\MEMS+SIM\STM32CubeExpansion_MEMS1_V4.0.0\Projects\Multi\Examples\IKS01A1\DataLog\EWARM\STM32L152RE-Nucleo\STM32L1xx-Nucleo\Obj\stm32l1xx_hal_rcc_ex.o"
#        "C:\Users\Sanjoth\Desktop\Merged
#        Program\MEMS+SIM\STM32CubeExpansion_MEMS1_V4.0.0\Projects\Multi\Examples\IKS01A1\DataLog\EWARM\STM32L152RE-Nucleo\STM32L1xx-Nucleo\Obj\stm32l1xx_hal_rtc.o"
#        "C:\Users\Sanjoth\Desktop\Merged
#        Program\MEMS+SIM\STM32CubeExpansion_MEMS1_V4.0.0\Projects\Multi\Examples\IKS01A1\DataLog\EWARM\STM32L152RE-Nucleo\STM32L1xx-Nucleo\Obj\stm32l1xx_hal_spi.o"
#        "C:\Users\Sanjoth\Desktop\Merged
#        Program\MEMS+SIM\STM32CubeExpansion_MEMS1_V4.0.0\Projects\Multi\Examples\IKS01A1\DataLog\EWARM\STM32L152RE-Nucleo\STM32L1xx-Nucleo\Obj\stm32l1xx_hal_uart.o"
#        "C:\Users\Sanjoth\Desktop\Merged
#        Program\MEMS+SIM\STM32CubeExpansion_MEMS1_V4.0.0\Projects\Multi\Examples\IKS01A1\DataLog\EWARM\STM32L152RE-Nucleo\STM32L1xx-Nucleo\Obj\stm32l1xx_it.o"
#        "C:\Users\Sanjoth\Desktop\Merged
#        Program\MEMS+SIM\STM32CubeExpansion_MEMS1_V4.0.0\Projects\Multi\Examples\IKS01A1\DataLog\EWARM\STM32L152RE-Nucleo\STM32L1xx-Nucleo\Obj\stm32l1xx_nucleo.o"
#        "C:\Users\Sanjoth\Desktop\Merged
#        Program\MEMS+SIM\STM32CubeExpansion_MEMS1_V4.0.0\Projects\Multi\Examples\IKS01A1\DataLog\EWARM\STM32L152RE-Nucleo\STM32L1xx-Nucleo\Obj\system_stm32l1xx.o"
#        "C:\Users\Sanjoth\Desktop\Merged
#        Program\MEMS+SIM\STM32CubeExpansion_MEMS1_V4.0.0\Projects\Multi\Examples\IKS01A1\DataLog\EWARM\STM32L152RE-Nucleo\STM32L1xx-Nucleo\Obj\x_nucleo_iks01a1.o"
#        "C:\Users\Sanjoth\Desktop\Merged
#        Program\MEMS+SIM\STM32CubeExpansion_MEMS1_V4.0.0\Projects\Multi\Examples\IKS01A1\DataLog\EWARM\STM32L152RE-Nucleo\STM32L1xx-Nucleo\Obj\x_nucleo_iks01a1_accelero.o"
#        "C:\Users\Sanjoth\Desktop\Merged
#        Program\MEMS+SIM\STM32CubeExpansion_MEMS1_V4.0.0\Projects\Multi\Examples\IKS01A1\DataLog\EWARM\STM32L152RE-Nucleo\STM32L1xx-Nucleo\Obj\x_nucleo_iks01a1_gyro.o"
#        "C:\Users\Sanjoth\Desktop\Merged
#        Program\MEMS+SIM\STM32CubeExpansion_MEMS1_V4.0.0\Projects\Multi\Examples\IKS01A1\DataLog\EWARM\STM32L152RE-Nucleo\STM32L1xx-Nucleo\Obj\x_nucleo_iks01a1_humidity.o"
#        "C:\Users\Sanjoth\Desktop\Merged
#        Program\MEMS+SIM\STM32CubeExpansion_MEMS1_V4.0.0\Projects\Multi\Examples\IKS01A1\DataLog\EWARM\STM32L152RE-Nucleo\STM32L1xx-Nucleo\Obj\x_nucleo_iks01a1_magneto.o"
#        "C:\Users\Sanjoth\Desktop\Merged
#        Program\MEMS+SIM\STM32CubeExpansion_MEMS1_V4.0.0\Projects\Multi\Examples\IKS01A1\DataLog\EWARM\STM32L152RE-Nucleo\STM32L1xx-Nucleo\Obj\x_nucleo_iks01a1_pressure.o"
#        "C:\Users\Sanjoth\Desktop\Merged
#        Program\MEMS+SIM\STM32CubeExpansion_MEMS1_V4.0.0\Projects\Multi\Examples\IKS01A1\DataLog\EWARM\STM32L152RE-Nucleo\STM32L1xx-Nucleo\Obj\x_nucleo_iks01a1_temperature.o"
#        --redirect _Printf=_PrintfSmall --redirect _Scanf=_ScanfSmall -o
#        "C:\Users\Sanjoth\Desktop\Merged
#        Program\MEMS+SIM\STM32CubeExpansion_MEMS1_V4.0.0\Projects\Multi\Examples\IKS01A1\DataLog\EWARM\STM32L152RE-Nucleo\STM32L1xx-Nucleo\Exe\Project.out"
#        --map "C:\Users\Sanjoth\Desktop\Merged
#        Program\MEMS+SIM\STM32CubeExpansion_MEMS1_V4.0.0\Projects\Multi\Examples\IKS01A1\DataLog\EWARM\STM32L152RE-Nucleo\STM32L1xx-Nucleo\List\Project.map"
#        --config "C:\Users\Sanjoth\Desktop\Merged
#        Program\MEMS+SIM\STM32CubeExpansion_MEMS1_V4.0.0\Projects\Multi\Examples\IKS01A1\DataLog\EWARM\STM32L152RE-Nucleo\stm32l152xe_flash.icf"
#        --semihosting --entry __iar_program_start --vfe
#
###############################################################################

*******************************************************************************
*** RUNTIME MODEL ATTRIBUTES
***

CppFlavor                     = *
__Heap_Handler                = Basic
__SystemLibrary               = DLib
__dlib_dynamic_initialization = normal


*******************************************************************************
*** PLACEMENT SUMMARY
***

"A0":  place at 0x08000000 { ro section .intvec };
"P1":  place in [from 0x08000000 to 0x0807ffff] { ro };
"P2":  place in [from 0x20000000 to 0x20013fff] { rw, block CSTACK, block HEAP };
initialize by copy { rw };

  Section             Kind        Address    Size  Object
  -------             ----        -------    ----  ------
"A0":                                       0x124
  .intvec             ro code  0x08000000   0x124  startup_stm32l152xe.o [1]
                             - 0x08000124   0x124

"P1":                                      0xccf1
  .text               ro code  0x08000124  0x2076  LSM6DS3_ACC_GYRO_driver_HL.o [1]
  .text               ro code  0x0800219a    0x1a  xsnprout.o [3]
  .text               ro code  0x080021b4  0x1364  LSM6DS3_ACC_GYRO_driver.o [1]
  .text               ro code  0x08003518    0x24  FltCmpLe.o [4]
  .text               ro code  0x0800353c    0x32  I32ToFlt.o [4]
  .text               ro code  0x08003570    0xd8  FltMul.o [4]
  .text               ro code  0x08003648    0x44  FltToS32.o [4]
  .text               ro code  0x0800368c     0x6  ABImemclr.o [5]
  .text               ro code  0x08003694   0x374  x_nucleo_iks01a1.o [1]
  .text               ro code  0x08003a08    0x5e  ABImemset.o [5]
  .text               ro code  0x08003a68   0x9ac  stm32l1xx_hal_i2c.o [1]
  .text               ro code  0x08004414   0x1c0  stm32l1xx_hal_gpio.o [1]
  .text               ro code  0x080045d4    0xbe  stm32l1xx_hal_cortex.o [1]
  .text               ro code  0x08004694   0x754  stm32l1xx_hal_rcc.o [1]
  .text               ro code  0x08004de8     0x2  stm32l1xx_hal_i2c.o [1]
  .text               ro code  0x08004dec     0xc  stm32l1xx_hal.o [1]
  .text               ro code  0x08004df8   0x718  main.o [1]
  .text               ro code  0x08005510    0x28  stm32l1xx_hal.o [1]
  .text               ro code  0x08005538    0x32  stm32l1xx_hal.o [1]
  .text               ro code  0x0800556c    0x94  cube_hal_l1.o [1]
  .text               ro code  0x08005600   0x619  gsm.o [1]
  .text               ro code  0x08005c1c    0x1c  stm32l1xx_hal.o [1]
  .text               ro code  0x08005c38   0x111  stm32l1xx_nucleo.o [1]
  .text               ro code  0x08005d4c   0x1c6  x_nucleo_iks01a1_accelero.o [1]
  .text               ro code  0x08005f14   0x1c2  x_nucleo_iks01a1_gyro.o [1]
  .text               ro code  0x080060d8    0xe2  x_nucleo_iks01a1_magneto.o [1]
  .text               ro code  0x080061bc   0x116  x_nucleo_iks01a1_humidity.o [1]
  .text               ro code  0x080062d4   0x3ba  x_nucleo_iks01a1_temperature.o [1]
  .text               ro code  0x08006690   0x316  x_nucleo_iks01a1_pressure.o [1]
  .text               ro code  0x080069a8    0x18  DemoSerial.o [1]
  .text               ro code  0x080069c0    0x76  ABImemcpy_unaligned.o [5]
  .text               ro code  0x08006a38    0x24  FltCmpGe.o [4]
  .text               ro code  0x08006a5c    0xe6  FltSub.o [4]
  .text               ro code  0x08006b44    0x4e  FltToDbl.o [4]
  .text               ro code  0x08006b94   0x1a2  DblMul.o [4]
  .text               ro code  0x08006d36    0x12  trunc.o [4]
  .text               ro code  0x08006d48    0x4c  DblToI32.o [4]
  .text               ro code  0x08006d94    0x44  snprintf.o [3]
  .text               ro code  0x08006dd8    0x2e  serial_protocol.o [1]
  .text               ro code  0x08006e08   0x5c6  stm32l1xx_hal_uart.o [1]
  .text               ro code  0x080073ce    0x2e  strstr.o [3]
  .text               ro code  0x080073fc     0x6  ABImemclr4.o [5]
  .text               ro code  0x08007404    0x84  FltAdd.o [4]
  .text               ro code  0x08007488    0x7e  xdint.o [4]
  .text               ro code  0x08007508   0x7c4  xprintfsmall.o [3]
  .text               ro code  0x08007ccc     0x2  stm32l1xx_hal_uart.o [1]
  .text               ro code  0x08007cce     0x2  stm32l1xx_hal_uart.o [1]
  .text               ro code  0x08007cd0    0x16  strchr.o [5]
  .text               ro code  0x08007ce8    0x32  ABImemset48.o [5]
  .text               ro code  0x08007d1a    0x20  xmbtowc.o [3]
  .text               ro code  0x08007d3c    0x36  strlen.o [5]
  .text               ro code  0x08007d74    0x58  memchr.o [5]
  .text               ro code  0x08007dcc     0xa  xmbcurmax.o [3]
  .text               ro code  0x08007dd8    0xb0  xxmemxmalloc.o [3]
  .text               ro code  0x08007e88    0x1a  xwctomb.o [3]
  .text               ro code  0x08007ea4    0x80  xxmemxfree.o [3]
  .text               ro code  0x08007f24    0x14  setlocale.o [3]
  .text               ro code  0x08007f38    0x60  xencoding_sb.o [3]
  .text               ro code  0x08007f98    0x2c  xgetmemchunk.o [3]
  .text               ro code  0x08007fc4     0x2  xtls.o [3]
  .text               ro code  0x08007fc8   0xf24  LSM6DS0_ACC_GYRO_driver_HL.o [1]
  .text               ro code  0x08008eec   0x534  LSM6DS0_ACC_GYRO_driver.o [1]
  .text               ro code  0x08009420   0xb12  LPS22HB_Driver_HL.o [1]
  .text               ro code  0x08009f32   0x516  LPS22HB_Driver.o [1]
  .text               ro code  0x0800a448    0xfc  FltDiv.o [4]
  .text               ro code  0x0800a544   0x550  LPS25HB_Driver_HL.o [1]
  .text               ro code  0x0800aa94   0x448  LPS25HB_Driver.o [1]
  .text               ro code  0x0800aedc    0x24  printf.o [3]
  .text               ro code  0x0800af00   0x4ea  HTS221_Driver_HL.o [1]
  .text               ro code  0x0800b3ec   0x454  HTS221_Driver.o [1]
  .text               ro code  0x0800b840   0x4d0  LIS3MDL_MAG_driver_HL.o [1]
  .text               ro code  0x0800bd10   0x258  LIS3MDL_MAG_driver.o [1]
  .text               ro code  0x0800bf68    0xd6  xfspos.o [3]
  .text               ro code  0x0800c040    0xb0  fflush.o [3]
  .text               ro code  0x0800c0f0     0xc  xfgpos.o [3]
  .text               ro code  0x0800c0fc    0x4c  lseek.o [6]
  .text               ro code  0x0800c148     0xc  errno.o [3]
  .text               ro code  0x0800c154     0x4  xsyslock_nop.o [3]
  .text               ro code  0x0800c158    0x10  write.o [6]
  .text               ro code  0x0800c168    0xcc  XShHandles.o [3]
  .text               ro code  0x0800c234    0x1e  dwrite.o [6]
  .text               ro code  0x0800c252    0x20  iarwstd.o [6]
  .text               ro code  0x0800c272    0x22  iarwrite.o [6]
  .text               ro code  0x0800c294    0x6c  iarttio.o [6]
  .text               ro code  0x0800c300     0x8  XShttio.o [3]
  .text               ro code  0x0800c308    0xb8  xfwprep.o [3]
  .text               ro code  0x0800c3c0    0x22  fseek.o [3]
  .text               ro code  0x0800c3e4    0x80  xfofind.o [3]
  .text               ro code  0x0800c464    0x7a  fclose.o [3]
  .text               ro code  0x0800c4de    0x1a  close.o [6]
  .text               ro code  0x0800c4f8    0x16  remove.o [6]
  .text               ro code  0x0800c50e    0x78  lz77_init_single.o [5]
  .rodata             const    0x0800c588    0x6c  gsm.o [1]
  .text               ro code  0x0800c5f4    0x64  system_stm32l1xx.o [1]
  .text               ro code  0x0800c658    0x60  stm32l1xx_it.o [1]
  .text               ro code  0x0800c6b8    0x10  stm32l1xx_hal.o [1]
  .text               ro code  0x0800c6c8    0x58  xcloseall.o [3]
  .text               ro code  0x0800c720    0x56  fputc.o [3]
  .text               ro code  0x0800c776    0x40  zero_init3.o [5]
  .text               ro code  0x0800c7b8    0x28  data_init.o [5]
  .iar.init_table     const    0x0800c7e0    0x20  - Linker created -
  .text               ro code  0x0800c800    0x1a  cmain.o [5]
  .text               ro code  0x0800c81a     0x4  low_level_init.o [3]
  .text               ro code  0x0800c81e     0x4  exit.o [3]
  .text               ro code  0x0800c824     0xe  cexit.o [5]
  .text               ro code  0x0800c834    0x14  exit.o [6]
  .text               ro code  0x0800c848    0x16  xprout.o [3]
  .text               ro code  0x0800c860     0xc  putchar.o [3]
  .text               ro code  0x0800c86c    0x10  startup_stm32l152xe.o [1]
  .text               ro code  0x0800c87c     0xc  cstartup_M.o [5]
  .rodata             const    0x0800c888     0x8  system_stm32l1xx.o [1]
  .text               ro code  0x0800c890     0x4  startup_stm32l152xe.o [1]
  .text               ro code  0x0800c894     0x4  startup_stm32l152xe.o [1]
  .text               ro code  0x0800c898     0x4  startup_stm32l152xe.o [1]
  .text               ro code  0x0800c89c     0x4  startup_stm32l152xe.o [1]
  .text               ro code  0x0800c8a0     0x4  startup_stm32l152xe.o [1]
  .text               ro code  0x0800c8a4     0x4  startup_stm32l152xe.o [1]
  .text               ro code  0x0800c8a8     0x4  startup_stm32l152xe.o [1]
  .text               ro code  0x0800c8ac     0x4  startup_stm32l152xe.o [1]
  .text               ro code  0x0800c8b0     0x4  startup_stm32l152xe.o [1]
  .text               ro code  0x0800c8b4     0x4  startup_stm32l152xe.o [1]
  .text               ro code  0x0800c8b8     0x4  startup_stm32l152xe.o [1]
  .text               ro code  0x0800c8bc     0x4  startup_stm32l152xe.o [1]
  .text               ro code  0x0800c8c0     0x4  startup_stm32l152xe.o [1]
  .text               ro code  0x0800c8c4     0x4  startup_stm32l152xe.o [1]
  .text               ro code  0x0800c8c8     0x4  startup_stm32l152xe.o [1]
  .text               ro code  0x0800c8cc     0x4  startup_stm32l152xe.o [1]
  .text               ro code  0x0800c8d0     0x4  startup_stm32l152xe.o [1]
  .text               ro code  0x0800c8d4     0x4  startup_stm32l152xe.o [1]
  .text               ro code  0x0800c8d8     0x4  startup_stm32l152xe.o [1]
  .text               ro code  0x0800c8dc     0x4  startup_stm32l152xe.o [1]
  .text               ro code  0x0800c8e0     0x4  startup_stm32l152xe.o [1]
  .text               ro code  0x0800c8e4     0x4  startup_stm32l152xe.o [1]
  .text               ro code  0x0800c8e8     0x4  startup_stm32l152xe.o [1]
  .text               ro code  0x0800c8ec     0x4  startup_stm32l152xe.o [1]
  .text               ro code  0x0800c8f0     0x4  startup_stm32l152xe.o [1]
  .text               ro code  0x0800c8f4     0x4  startup_stm32l152xe.o [1]
  .text               ro code  0x0800c8f8     0x4  startup_stm32l152xe.o [1]
  .text               ro code  0x0800c8fc     0x4  startup_stm32l152xe.o [1]
  .text               ro code  0x0800c900     0x4  startup_stm32l152xe.o [1]
  .text               ro code  0x0800c904     0x4  startup_stm32l152xe.o [1]
  .text               ro code  0x0800c908     0x4  startup_stm32l152xe.o [1]
  .text               ro code  0x0800c90c     0x4  startup_stm32l152xe.o [1]
  .text               ro code  0x0800c910     0x4  startup_stm32l152xe.o [1]
  .text               ro code  0x0800c914     0x4  startup_stm32l152xe.o [1]
  .text               ro code  0x0800c918     0x4  startup_stm32l152xe.o [1]
  .text               ro code  0x0800c91c     0x4  startup_stm32l152xe.o [1]
  .text               ro code  0x0800c920     0x4  startup_stm32l152xe.o [1]
  .text               ro code  0x0800c924     0x4  startup_stm32l152xe.o [1]
  .text               ro code  0x0800c928     0x4  startup_stm32l152xe.o [1]
  .text               ro code  0x0800c92c     0x4  startup_stm32l152xe.o [1]
  .text               ro code  0x0800c930     0x4  startup_stm32l152xe.o [1]
  .text               ro code  0x0800c934     0x4  startup_stm32l152xe.o [1]
  .text               ro code  0x0800c938     0x4  startup_stm32l152xe.o [1]
  .text               ro code  0x0800c93c     0x4  startup_stm32l152xe.o [1]
  .text               ro code  0x0800c940     0x4  startup_stm32l152xe.o [1]
  .text               ro code  0x0800c944     0x4  startup_stm32l152xe.o [1]
  .text               ro code  0x0800c948     0x4  startup_stm32l152xe.o [1]
  .text               ro code  0x0800c94c     0x4  startup_stm32l152xe.o [1]
  .text               ro code  0x0800c950     0x4  startup_stm32l152xe.o [1]
  .text               ro code  0x0800c954     0x4  startup_stm32l152xe.o [1]
  .text               ro code  0x0800c958     0x4  startup_stm32l152xe.o [1]
  .text               ro code  0x0800c95c     0x4  startup_stm32l152xe.o [1]
  .text               ro code  0x0800c960     0x4  startup_stm32l152xe.o [1]
  .text               ro code  0x0800c964     0x4  startup_stm32l152xe.o [1]
  .text               ro code  0x0800c968     0x4  startup_stm32l152xe.o [1]
  .text               ro code  0x0800c96c     0x4  startup_stm32l152xe.o [1]
  .text               ro code  0x0800c970     0x4  startup_stm32l152xe.o [1]
  .text               ro code  0x0800c974     0x4  startup_stm32l152xe.o [1]
  .text               ro code  0x0800c978     0x4  startup_stm32l152xe.o [1]
  .text               ro code  0x0800c97c     0x4  startup_stm32l152xe.o [1]
  .text               ro code  0x0800c980     0x4  startup_stm32l152xe.o [1]
  .text               ro code  0x0800c984     0x0  cstart_closeall.o [5]
  .rodata             const    0x0800c984     0x0  zero_init3.o [5]
  .rodata             const    0x0800c984     0x0  lz77_init_single.o [5]
  Initializer bytes   const    0x0800c984   0x491  <for P2-1>
                             - 0x0800ce15  0xccf1

"P2", part 1 of 3:                         0x108c
  P2-1                         0x20000000  0x108c  <Init block>
    .data             inited   0x20000000    0x30  DemoSerial.o [1]
    .data             inited   0x20000030   0x710  gsm.o [1]
    .data             inited   0x20000740    0x34  HTS221_Driver_HL.o [1]
    .data             inited   0x20000774    0x34  HTS221_Driver_HL.o [1]
    .data             inited   0x200007a8    0x48  LIS3MDL_MAG_driver_HL.o [1]
    .data             inited   0x200007f0    0x34  LPS22HB_Driver_HL.o [1]
    .data             inited   0x20000824    0x34  LPS22HB_Driver_HL.o [1]
    .data             inited   0x20000858    0x3c  LPS22HB_Driver_HL.o [1]
    .data             inited   0x20000894    0x3c  LPS22HB_Driver_HL.o [1]
    .data             inited   0x200008d0    0x34  LPS25HB_Driver_HL.o [1]
    .data             inited   0x20000904    0x34  LPS25HB_Driver_HL.o [1]
    .data             inited   0x20000938    0x50  LSM6DS0_ACC_GYRO_driver_HL.o [1]
    .data             inited   0x20000988    0x50  LSM6DS0_ACC_GYRO_driver_HL.o [1]
    .data             inited   0x200009d8    0xd4  LSM6DS3_ACC_GYRO_driver_HL.o [1]
    .data             inited   0x20000aac    0x3c  LSM6DS3_ACC_GYRO_driver_HL.o [1]
    .data             inited   0x20000ae8    0x50  LSM6DS3_ACC_GYRO_driver_HL.o [1]
    .data             inited   0x20000b38    0x50  LSM6DS3_ACC_GYRO_driver_HL.o [1]
    .data             inited   0x20000b88   0x398  main.o [1]
    .data             inited   0x20000f20     0x4  stm32l1xx_nucleo.o [1]
    .data             inited   0x20000f24     0x4  stm32l1xx_nucleo.o [1]
    .data             inited   0x20000f28     0x4  system_stm32l1xx.o [1]
    .data             inited   0x20000f2c    0x40  xfiles.o [3]
    .data             inited   0x20000f6c    0x40  xfiles.o [3]
    .data             inited   0x20000fac    0x40  xfiles.o [3]
    .data             inited   0x20000fec    0x20  xfiles.o [3]
    .data             inited   0x2000100c     0x8  XShttio.o [3]
    __DLIB_PERTHREAD  inited   0x20001014    0x74  setlocale.o [3]
    __DLIB_PERTHREAD  inited   0x20001088     0x4  errno.o [3]
                             - 0x2000108c  0x108c

"P2", part 2 of 3:                          0x600
  CSTACK                       0x20001090   0x400  <Block>
    CSTACK            uninit   0x20001090   0x400  <Block tail>
  HEAP                         0x20001490   0x200  <Block>
    HEAP              uninit   0x20001490   0x200  <Block tail>
                             - 0x20001690   0x600

"P2", part 3 of 3:                          0x350
  .bss                zero     0x20001690    0x80  x_nucleo_iks01a1_temperature.o [1]
  .bss                zero     0x20001710    0x80  XShHandles.o [3]
  .bss                zero     0x20001790    0x60  x_nucleo_iks01a1_pressure.o [1]
  .bss                zero     0x200017f0    0x54  x_nucleo_iks01a1.o [1]
  .bss                zero     0x20001844    0x50  xfiles.o [3]
  .bss                zero     0x20001894    0x50  xfiles.o [3]
  .bss                zero     0x200018e4    0x44  x_nucleo_iks01a1_accelero.o [1]
  .bss                zero     0x20001928    0x44  x_nucleo_iks01a1_gyro.o [1]
  .bss                zero     0x2000196c    0x20  x_nucleo_iks01a1_humidity.o [1]
  .bss                zero     0x2000198c    0x20  x_nucleo_iks01a1_magneto.o [1]
  .bss                zero     0x200019ac     0x8  LPS22HB_Driver_HL.o [1]
  .bss                zero     0x200019b4     0x8  LPS25HB_Driver_HL.o [1]
  .bss                zero     0x200019bc     0x8  LSM6DS0_ACC_GYRO_driver_HL.o [1]
  .bss                zero     0x200019c4     0x8  xxmemxmalloc.o [3]
  .bss                zero     0x200019cc     0x6  stm32l1xx_it.o [1]
  .bss                zero     0x200019d4     0x4  HTS221_Driver_HL.o [1]
  .bss                zero     0x200019d8     0x4  stm32l1xx_hal.o [1]
  .bss                zero     0x200019dc     0x4  xgetmemchunk.o [3]
                             - 0x200019e0   0x350


*******************************************************************************
*** INIT TABLE
***

          Address     Size
          -------     ----
Zero (__iar_zero_init3)
    1 destination range, total size 0x350:
          0x20001690   0x350

Copy/lz77 (__iar_lz77_init_single3)
    1 source range, total size 0x491 (27% of destination):
          0x0800c984   0x491
    1 destination range, total size 0x108c:
          0x20000000  0x108c



*******************************************************************************
*** MODULE SUMMARY
***

    Module                          ro code  ro data  rw data
    ------                          -------  -------  -------
C:\Users\Sanjoth\Desktop\Merged Program\MEMS+SIM\STM32CubeExpansion_MEMS1_V4.0.0\Projects\Multi\Examples\IKS01A1\DataLog\EWARM\STM32L152RE-Nucleo\STM32L1xx-Nucleo\Obj: [1]
    DemoSerial.o                         24       13       48
    HTS221_Driver.o                   1 108
    HTS221_Driver_HL.o                1 258       28      108
    LIS3MDL_MAG_driver.o                600
    LIS3MDL_MAG_driver_HL.o           1 232       20       72
    LPS22HB_Driver.o                  1 302
    LPS22HB_Driver_HL.o               2 834       62      232
    LPS25HB_Driver.o                  1 096
    LPS25HB_Driver_HL.o               1 360       29      112
    LSM6DS0_ACC_GYRO_driver.o         1 332
    LSM6DS0_ACC_GYRO_driver_HL.o      3 876       44      168
    LSM6DS3_ACC_GYRO_driver.o         4 964
    LSM6DS3_ACC_GYRO_driver_HL.o      8 310      119      432
    cube_hal_l1.o                       148
    gsm.o                             1 561      607    1 808
    main.o                            1 816      254      920
    serial_protocol.o                    46
    startup_stm32l152xe.o               552
    stm32l1xx_hal.o                     146                 4
    stm32l1xx_hal_cortex.o              190
    stm32l1xx_hal_gpio.o                448
    stm32l1xx_hal_i2c.o               2 478
    stm32l1xx_hal_rcc.o               1 876
    stm32l1xx_hal_uart.o              1 482
    stm32l1xx_it.o                       96                 6
    stm32l1xx_nucleo.o                  273        2        8
    system_stm32l1xx.o                  100        9        4
    x_nucleo_iks01a1.o                  884                84
    x_nucleo_iks01a1_accelero.o         454                68
    x_nucleo_iks01a1_gyro.o             450                68
    x_nucleo_iks01a1_humidity.o         278                32
    x_nucleo_iks01a1_magneto.o          226                32
    x_nucleo_iks01a1_pressure.o         790                96
    x_nucleo_iks01a1_temperature.o      954               128
    ---------------------------------------------------------
    Total:                           44 544    1 187    4 430

command line: [2]
    ---------------------------------------------------------
    Total:

dl7M_tlf.a: [3]
    XShHandles.o                        204               128
    XShttio.o                             8        2        8
    errno.o                              12        2        4
    exit.o                                4
    fclose.o                            122
    fflush.o                            176
    fputc.o                              86
    fseek.o                              34
    low_level_init.o                      4
    printf.o                             36
    putchar.o                            12
    setlocale.o                          20       32      116
    snprintf.o                           68
    strstr.o                             46
    xcloseall.o                          88
    xencoding_sb.o                       96
    xfgpos.o                             12
    xfiles.o                                      62      384
    xfofind.o                           128
    xfspos.o                            214
    xfwprep.o                           184
    xgetmemchunk.o                       44                 4
    xmbcurmax.o                          10
    xmbtowc.o                            32
    xprintfsmall.o                    1 988
    xprout.o                             22
    xsnprout.o                           26
    xsyslock_nop.o                        4
    xtls.o                                2
    xwctomb.o                            26
    xxmemxfree.o                        128
    xxmemxmalloc.o                      176                 8
    ---------------------------------------------------------
    Total:                            4 012       98      652

m7M_tl.a: [4]
    DblMul.o                            418
    DblToI32.o                           76
    FltAdd.o                            132
    FltCmpGe.o                           36
    FltCmpLe.o                           36
    FltDiv.o                            252
    FltMul.o                            216
    FltSub.o                            230
    FltToDbl.o                           78
    FltToS32.o                           68
    I32ToFlt.o                           50
    trunc.o                              18
    xdint.o                             126
    ---------------------------------------------------------
    Total:                            1 736

rt7M_tl.a: [5]
    ABImemclr.o                           6
    ABImemclr4.o                          6
    ABImemcpy_unaligned.o               118
    ABImemset.o                          94
    ABImemset48.o                        50
    cexit.o                              14
    cmain.o                              26
    cstart_closeall.o
    cstartup_M.o                         12
    data_init.o                          40
    lz77_init_single.o                  120
    memchr.o                             88
    strchr.o                             22
    strlen.o                             54
    zero_init3.o                         64
    ---------------------------------------------------------
    Total:                              714

shb_l.a: [6]
    close.o                              26
    dwrite.o                             30
    exit.o                               20
    iarttio.o                           108
    iarwrite.o                           34
    iarwstd.o                            32
    lseek.o                              76
    remove.o                             22
    write.o                              16
    ---------------------------------------------------------
    Total:                              364

    Gaps                                 68        2        2
    Linker created                                32    1 536
-------------------------------------------------------------
    Grand Total:                     51 438    1 319    6 620


*******************************************************************************
*** ENTRY LIST
***

Entry                      Address   Size  Type      Object
-----                      -------   ----  ----      ------
.iar.init_table$$Base   0x0800c7e0          --   Gb  - Linker created -
.iar.init_table$$Limit  0x0800c800          --   Gb  - Linker created -
?main                   0x0800c801         Code  Gb  cmain.o [5]
ACCELERO_Data           0x2000190c   0x10  Data  Lc  x_nucleo_iks01a1_accelero.o [1]
ACCELERO_SensorHandle   0x200018e4   0x28  Data  Lc  x_nucleo_iks01a1_accelero.o [1]
ACCELERO_handle         0x20000bcc    0x4  Data  Gb  main.o [1]
ACC_Value               0x20000b88    0xc  Data  Gb  main.o [1]
AHBPrescTable           0x0800c648   0x10  Data  Gb  system_stm32l1xx.o [1]
APBPrescTable           0x0800c888    0x8  Data  Gb  system_stm32l1xx.o [1]
AutoInit                0x20000bac    0x1  Data  Gb  main.o [1]
BSP_ACCELERO_Get_Axes   0x08005eed   0x26  Code  Gb  x_nucleo_iks01a1_accelero.o [1]
BSP_ACCELERO_Init       0x08005d4d   0x40  Code  Gb  x_nucleo_iks01a1_accelero.o [1]
BSP_ACCELERO_IsInitialized
                        0x08005ed9   0x14  Code  Gb  x_nucleo_iks01a1_accelero.o [1]
BSP_ACCELERO_Sensor_Enable
                        0x08005eb9   0x20  Code  Gb  x_nucleo_iks01a1_accelero.o [1]
BSP_GYRO_Get_Axes       0x080060b1   0x26  Code  Gb  x_nucleo_iks01a1_gyro.o [1]
BSP_GYRO_Init           0x08005f15   0x40  Code  Gb  x_nucleo_iks01a1_gyro.o [1]
BSP_GYRO_IsInitialized  0x0800609d   0x14  Code  Gb  x_nucleo_iks01a1_gyro.o [1]
BSP_GYRO_Sensor_Enable  0x0800607d   0x20  Code  Gb  x_nucleo_iks01a1_gyro.o [1]
BSP_HTS221_HUMIDITY_Init
                        0x080061e7   0x84  Code  Lc  x_nucleo_iks01a1_humidity.o [1]
BSP_HTS221_TEMPERATURE_Init
                        0x080064eb   0x84  Code  Lc  x_nucleo_iks01a1_temperature.o [1]
BSP_HUMIDITY_Get_Hum    0x080062ad   0x26  Code  Gb  x_nucleo_iks01a1_humidity.o [1]
BSP_HUMIDITY_Init       0x080061bd   0x2a  Code  Gb  x_nucleo_iks01a1_humidity.o [1]
BSP_HUMIDITY_IsInitialized
                        0x08006299   0x14  Code  Gb  x_nucleo_iks01a1_humidity.o [1]
BSP_HUMIDITY_Sensor_Enable
                        0x08006279   0x20  Code  Gb  x_nucleo_iks01a1_humidity.o [1]
BSP_LED_Init            0x08005c39   0x52  Code  Gb  stm32l1xx_nucleo.o [1]
BSP_LED_Off             0x08005c8b   0x16  Code  Gb  stm32l1xx_nucleo.o [1]
BSP_LED_Toggle          0x08005ca1   0x14  Code  Gb  stm32l1xx_nucleo.o [1]
BSP_LPS22HB_PRESSURE_Init
                        0x0800688d   0xa2  Code  Lc  x_nucleo_iks01a1_pressure.o [1]
BSP_LPS22HB_TEMPERATURE_Init
                        0x0800656f   0xa2  Code  Lc  x_nucleo_iks01a1_temperature.o [1]
BSP_LSM6DS0_ACCELERO_Init
                        0x08005d8d   0x88  Code  Lc  x_nucleo_iks01a1_accelero.o [1]
BSP_LSM6DS0_GYRO_Init   0x08005f55   0x84  Code  Lc  x_nucleo_iks01a1_gyro.o [1]
BSP_LSM6DS3_ACCELERO_Init
                        0x08005e15   0x8e  Code  Lc  x_nucleo_iks01a1_accelero.o [1]
BSP_LSM6DS3_GYRO_Init   0x08005fd9   0x8e  Code  Lc  x_nucleo_iks01a1_gyro.o [1]
BSP_MAGNETO_Get_Axes    0x08006195   0x26  Code  Gb  x_nucleo_iks01a1_magneto.o [1]
BSP_MAGNETO_Init        0x080060d9   0x7e  Code  Gb  x_nucleo_iks01a1_magneto.o [1]
BSP_MAGNETO_IsInitialized
                        0x08006181   0x14  Code  Gb  x_nucleo_iks01a1_magneto.o [1]
BSP_MAGNETO_Sensor_Enable
                        0x08006161   0x20  Code  Gb  x_nucleo_iks01a1_magneto.o [1]
BSP_PB_Init             0x08005cb5   0x7c  Code  Gb  stm32l1xx_nucleo.o [1]
BSP_PRESSURE_Get_Press  0x08006981   0x26  Code  Gb  x_nucleo_iks01a1_pressure.o [1]
BSP_PRESSURE_Init       0x08006691  0x1fc  Code  Gb  x_nucleo_iks01a1_pressure.o [1]
BSP_PRESSURE_IsInitialized
                        0x0800696d   0x14  Code  Gb  x_nucleo_iks01a1_pressure.o [1]
BSP_PRESSURE_Sensor_Enable
                        0x0800694d   0x20  Code  Gb  x_nucleo_iks01a1_pressure.o [1]
BSP_TEMPERATURE_Get_Temp
                        0x08006669   0x26  Code  Gb  x_nucleo_iks01a1_temperature.o [1]
BSP_TEMPERATURE_Init    0x080062d5  0x216  Code  Gb  x_nucleo_iks01a1_temperature.o [1]
BSP_TEMPERATURE_IsInitialized
                        0x08006655   0x14  Code  Gb  x_nucleo_iks01a1_temperature.o [1]
BSP_TEMPERATURE_Sensor_Enable
                        0x08006635   0x20  Code  Gb  x_nucleo_iks01a1_temperature.o [1]
BUTTON_IRQn             0x08005d48    0x1  Data  Gb  stm32l1xx_nucleo.o [1]
BUTTON_PIN              0x08005d44    0x2  Data  Gb  stm32l1xx_nucleo.o [1]
BUTTON_PORT             0x20000f24    0x4  Data  Gb  stm32l1xx_nucleo.o [1]
CSTACK$$Base            0x20001090          --   Gb  - Linker created -
CSTACK$$Limit           0x20001490          --   Gb  - Linker created -
DataLoggerActive        0x20000000    0x1  Data  Gb  DemoSerial.o [1]
DataStreamingDest       0x20000001    0x1  Data  Gb  DemoSerial.o [1]
DataTxPeriod            0x20000bb4    0x4  Data  Gb  main.o [1]
EXTI15_10_IRQHandler    0x0800c68f   0x20  Code  Gb  stm32l1xx_it.o [1]
Error_Handler           0x080053dd    0x2  Code  Gb  main.o [1]
GSM_AtCmdAtchk          0x0800c59c    0x8  Data  Gb  gsm.o [1]
GSM_AtCmdEchoDis        0x0800c5a4    0x8  Data  Gb  gsm.o [1]
GSM_AtCmdHttpReq        0x20000080    0xc  Data  Gb  gsm.o [1]
GSM_AtCmdInit           0x20000078    0x8  Data  Gb  gsm.o [1]
GSM_AtCmdSockPnSet      0x0800c5ac   0x14  Data  Gb  gsm.o [1]
GSM_AtDataPostHttpHeader
                        0x200006bc   0x84  Data  Gb  gsm.o [1]
GSM_AtHttpOpen          0x0800c5c0   0x34  Data  Gb  gsm.o [1]
GSM_AtRespHttpData      0x2000008c    0xc  Data  Gb  gsm.o [1]
GSM_CmdCntr             0x20000071    0x1  Data  Lc  gsm.o [1]
GSM_CmdStatus           0x20000070    0x1  Data  Gb  gsm.o [1]
GSM_DataBuff            0x20000498  0x1f4  Data  Gb  gsm.o [1]
GSM_EmailConfig         0x08005bef    0x2  Code  Lc  gsm.o [1]
GSM_GpioConfig          0x08005a51  0x172  Code  Lc  gsm.o [1]
GSM_GpsLoc              0x08005bf3    0x2  Code  Lc  gsm.o [1]
GSM_ModemState          0x20000072    0x1  Data  Lc  gsm.o [1]
GSM_RespTimer           0x20000076    0x2  Data  Lc  gsm.o [1]
GSM_RxBuf               0x20000098  0x400  Data  Gb  gsm.o [1]
GSM_RxBufCntr           0x20000074    0x2  Data  Gb  gsm.o [1]
GSM_SendEmail           0x08005bf1    0x2  Code  Lc  gsm.o [1]
GSM_SendSms             0x08005bed    0x2  Code  Lc  gsm.o [1]
GSM_SmsConfig           0x08005beb    0x2  Code  Lc  gsm.o [1]
GSM_StateHttpOpen       0x080057cd  0x118  Code  Lc  gsm.o [1]
GSM_StateInit           0x080056e9   0xe2  Code  Lc  gsm.o [1]
GSM_StateMachine        0x080056bf   0x28  Code  Gb  gsm.o [1]
GSM_StateReset          0x080058e9  0x162  Code  Lc  gsm.o [1]
GSM_StateReset::bootingTime
                        0x20000073    0x1  Data  Lc  gsm.o [1]
GSM_SysInfo             0x08005be9    0x2  Code  Lc  gsm.o [1]
GSM_UsartConfig         0x08005601   0x82  Code  Gb  gsm.o [1]
GSM_state_table         0x20000698   0x24  Data  Gb  gsm.o [1]
GYRO_Data               0x20001950   0x10  Data  Lc  x_nucleo_iks01a1_gyro.o [1]
GYRO_SensorHandle       0x20001928   0x28  Data  Lc  x_nucleo_iks01a1_gyro.o [1]
GYRO_handle             0x20000bd0    0x4  Data  Gb  main.o [1]
GYR_Value               0x20000b94    0xc  Data  Gb  main.o [1]
HAL_Delay               0x08005c1d   0x1c  Code  Wk  stm32l1xx_hal.o [1]
HAL_GPIO_EXTI_Callback  0x0800537b   0x4e  Code  Gb  main.o [1]
HAL_GPIO_EXTI_IRQHandler
                        0x0800459d   0x10  Code  Gb  stm32l1xx_hal_gpio.o [1]
HAL_GPIO_Init           0x08004415  0x176  Code  Gb  stm32l1xx_hal_gpio.o [1]
HAL_GPIO_TogglePin      0x08004595    0x8  Code  Gb  stm32l1xx_hal_gpio.o [1]
HAL_GPIO_WritePin       0x0800458d    0x8  Code  Gb  stm32l1xx_hal_gpio.o [1]
HAL_GetTick             0x08004ded    0xc  Code  Wk  stm32l1xx_hal.o [1]
HAL_I2C_DeInit          0x08003b79   0x34  Code  Gb  stm32l1xx_hal_i2c.o [1]
HAL_I2C_GetState        0x0800440d    0x6  Code  Gb  stm32l1xx_hal_i2c.o [1]
HAL_I2C_Init            0x08003a69  0x110  Code  Gb  stm32l1xx_hal_i2c.o [1]
HAL_I2C_Mem_Read        0x08003ee3  0x522  Code  Gb  stm32l1xx_hal_i2c.o [1]
HAL_I2C_Mem_Write       0x08003bc1  0x320  Code  Gb  stm32l1xx_hal_i2c.o [1]
HAL_I2C_MspDeInit       0x08004de9    0x2  Code  Wk  stm32l1xx_hal_i2c.o [1]
HAL_I2C_MspInit         0x08004413    0x2  Code  Wk  stm32l1xx_hal_i2c.o [1]
HAL_IncTick             0x0800c6b9   0x10  Code  Wk  stm32l1xx_hal.o [1]
HAL_Init                0x08005539   0x2c  Code  Gb  stm32l1xx_hal.o [1]
HAL_InitTick            0x08005511   0x28  Code  Wk  stm32l1xx_hal.o [1]
HAL_MspInit             0x08005569    0x2  Code  Wk  stm32l1xx_hal.o [1]
HAL_NVIC_EnableIRQ      0x08004641   0x12  Code  Gb  stm32l1xx_hal_cortex.o [1]
HAL_NVIC_SetPriority    0x080045ef   0x52  Code  Gb  stm32l1xx_hal_cortex.o [1]
HAL_NVIC_SetPriorityGrouping
                        0x080045d5   0x1a  Code  Gb  stm32l1xx_hal_cortex.o [1]
HAL_RCC_ClockConfig     0x08004b9f  0x1a4  Code  Gb  stm32l1xx_hal_rcc.o [1]
HAL_RCC_GetPCLK1Freq    0x08004d95   0x14  Code  Gb  stm32l1xx_hal_rcc.o [1]
HAL_RCC_GetPCLK2Freq    0x08004da9   0x14  Code  Gb  stm32l1xx_hal_rcc.o [1]
HAL_RCC_GetSysClockFreq
                        0x08004d43   0x52  Code  Gb  stm32l1xx_hal_rcc.o [1]
HAL_RCC_OscConfig       0x08004695  0x50a  Code  Gb  stm32l1xx_hal_rcc.o [1]
HAL_SYSTICK_Callback    0x08004691    0x2  Code  Wk  stm32l1xx_hal_cortex.o [1]
HAL_SYSTICK_Config      0x08004653   0x22  Code  Gb  stm32l1xx_hal_cortex.o [1]
HAL_SYSTICK_IRQHandler  0x0800468d    0x4  Code  Gb  stm32l1xx_hal_cortex.o [1]
HAL_UART_ErrorCallback  0x08007ccf    0x2  Code  Wk  stm32l1xx_hal_uart.o [1]
HAL_UART_IRQHandler     0x0800700d  0x11a  Code  Gb  stm32l1xx_hal_uart.o [1]
HAL_UART_Init           0x08006e09   0x5c  Code  Gb  stm32l1xx_hal_uart.o [1]
HAL_UART_MspInit        0x080073cd    0x2  Code  Wk  stm32l1xx_hal_uart.o [1]
HAL_UART_Receive_IT     0x08006fa3   0x6a  Code  Gb  stm32l1xx_hal_uart.o [1]
HAL_UART_RxCpltCallback
                        0x08005683   0x3c  Code  Gb  gsm.o [1]
HAL_UART_Transmit       0x08006e65  0x13e  Code  Gb  stm32l1xx_hal_uart.o [1]
HAL_UART_TxCpltCallback
                        0x08007ccd    0x2  Code  Wk  stm32l1xx_hal_uart.o [1]
HEAP$$Base              0x20001490          --   Gb  - Linker created -
HEAP$$Limit             0x20001690          --   Gb  - Linker created -
HTS221_Activate         0x0800b631   0x3c  Code  Gb  HTS221_Driver.o [1]
HTS221_Combo_Data       0x200019d4    0x4  Data  Gb  HTS221_Driver_HL.o [1]
HTS221_DeActivate       0x0800b66d   0x3c  Code  Gb  HTS221_Driver.o [1]
HTS221_Get_DataStatus   0x0800b5fd   0x34  Code  Gb  HTS221_Driver.o [1]
HTS221_Get_DeviceID     0x0800b419   0x1a  Code  Gb  HTS221_Driver.o [1]
HTS221_Get_Humidity     0x0800b433   0xe4  Code  Gb  HTS221_Driver.o [1]
HTS221_Get_Odr          0x0800b767   0x28  Code  Gb  HTS221_Driver.o [1]
HTS221_Get_Temperature  0x0800b517   0xda  Code  Gb  HTS221_Driver.o [1]
HTS221_H_0_Data         0x20001988    0x4  Data  Lc  x_nucleo_iks01a1_humidity.o [1]
HTS221_H_Check_WhoAmI   0x0800b009   0x2a  Code  Lc  HTS221_Driver_HL.o [1]
HTS221_H_DeInit         0x0800af65   0x3a  Code  Lc  HTS221_Driver_HL.o [1]
HTS221_H_Drv            0x20000740   0x34  Data  Gb  HTS221_Driver_HL.o [1]
HTS221_H_Get_DRDY_Status
                        0x0800b13b   0x2e  Code  Lc  HTS221_Driver_HL.o [1]
HTS221_H_Get_Hum        0x0800b033   0x2c  Code  Lc  HTS221_Driver_HL.o [1]
HTS221_H_Get_ODR        0x0800b061   0x54  Code  Lc  HTS221_Driver_HL.o [1]
HTS221_H_Get_WhoAmI     0x0800aff7   0x12  Code  Lc  HTS221_Driver_HL.o [1]
HTS221_H_Init           0x0800af01   0x64  Code  Lc  HTS221_Driver_HL.o [1]
HTS221_H_Read_Reg       0x0800b10b   0x16  Code  Lc  HTS221_Driver_HL.o [1]
HTS221_H_Sensor_Disable
                        0x0800afcd   0x2a  Code  Lc  HTS221_Driver_HL.o [1]
HTS221_H_Sensor_Enable  0x0800af9f   0x2e  Code  Lc  HTS221_Driver_HL.o [1]
HTS221_H_Set_ODR        0x0800b0b5   0x26  Code  Lc  HTS221_Driver_HL.o [1]
HTS221_H_Set_ODR_Value  0x0800b0db   0x30  Code  Lc  HTS221_Driver_HL.o [1]
HTS221_H_Write_Reg      0x0800b121   0x1a  Code  Lc  HTS221_Driver_HL.o [1]
HTS221_ReadReg          0x0800b3ed   0x16  Code  Gb  HTS221_Driver.o [1]
HTS221_Set_BduMode      0x0800b6a9   0x5e  Code  Gb  HTS221_Driver.o [1]
HTS221_Set_Odr          0x0800b707   0x60  Code  Gb  HTS221_Driver.o [1]
HTS221_T_0_Data         0x20001700    0x4  Data  Lc  x_nucleo_iks01a1_temperature.o [1]
HTS221_T_Check_WhoAmI   0x0800b271   0x2a  Code  Lc  HTS221_Driver_HL.o [1]
HTS221_T_DeInit         0x0800b1cd   0x3a  Code  Lc  HTS221_Driver_HL.o [1]
HTS221_T_Drv            0x20000774   0x34  Data  Gb  HTS221_Driver_HL.o [1]
HTS221_T_Get_DRDY_Status
                        0x0800b3bd   0x2e  Code  Lc  HTS221_Driver_HL.o [1]
HTS221_T_Get_ODR        0x0800b2c9   0x54  Code  Lc  HTS221_Driver_HL.o [1]
HTS221_T_Get_Temp       0x0800b29b   0x2c  Code  Lc  HTS221_Driver_HL.o [1]
HTS221_T_Get_WhoAmI     0x0800b25f   0x12  Code  Lc  HTS221_Driver_HL.o [1]
HTS221_T_Init           0x0800b169   0x64  Code  Lc  HTS221_Driver_HL.o [1]
HTS221_T_Read_Reg       0x0800b38d   0x16  Code  Lc  HTS221_Driver_HL.o [1]
HTS221_T_Sensor_Disable
                        0x0800b235   0x2a  Code  Lc  HTS221_Driver_HL.o [1]
HTS221_T_Sensor_Enable  0x0800b207   0x2e  Code  Lc  HTS221_Driver_HL.o [1]
HTS221_T_Set_ODR        0x0800b31d   0x26  Code  Lc  HTS221_Driver_HL.o [1]
HTS221_T_Set_ODR_Value  0x0800b343   0x30  Code  Lc  HTS221_Driver_HL.o [1]
HTS221_T_Write_Reg      0x0800b3a3   0x1a  Code  Lc  HTS221_Driver_HL.o [1]
HTS221_WriteReg         0x0800b403   0x16  Code  Gb  HTS221_Driver.o [1]
HUMIDITY_Data           0x20001980    0x8  Data  Lc  x_nucleo_iks01a1_humidity.o [1]
HUMIDITY_SensorHandle   0x2000196c   0x14  Data  Lc  x_nucleo_iks01a1_humidity.o [1]
HUMIDITY_Value          0x20000bbc    0x4  Data  Gb  main.o [1]
HUMIDITY_handle         0x20000bd8    0x4  Data  Gb  main.o [1]
Humid                   0x20000d58   0x64  Data  Gb  main.o [1]
I2C_EXPBD_Handle        0x200017f0   0x54  Data  Lc  x_nucleo_iks01a1.o [1]
I2C_EXPBD_Init          0x08003937   0xb2  Code  Lc  x_nucleo_iks01a1.o [1]
INIT_STREAMING_HEADER   0x080069a9   0x14  Code  Gb  DemoSerial.o [1]
Int_Current_Time1       0x20000bc4    0x4  Data  Gb  main.o [1]
Int_Current_Time2       0x20000bc8    0x4  Data  Gb  main.o [1]
LED_PIN                 0x08005d40    0x2  Data  Gb  stm32l1xx_nucleo.o [1]
LED_PORT                0x20000f20    0x4  Data  Gb  stm32l1xx_nucleo.o [1]
LIS3MDLDrv              0x200007a8   0x48  Data  Gb  LIS3MDL_MAG_driver_HL.o [1]
LIS3MDL_0_Data          0x200019a8    0x4  Data  Lc  x_nucleo_iks01a1_magneto.o [1]
LIS3MDL_Check_WhoAmI    0x0800b93b   0x2c  Code  Lc  LIS3MDL_MAG_driver_HL.o [1]
LIS3MDL_DeInit          0x0800b8ad   0x40  Code  Lc  LIS3MDL_MAG_driver_HL.o [1]
LIS3MDL_Get_Axes        0x0800b967   0xa8  Code  Lc  LIS3MDL_MAG_driver_HL.o [1]
LIS3MDL_Get_AxesRaw     0x0800ba0f   0x4a  Code  Lc  LIS3MDL_MAG_driver_HL.o [1]
LIS3MDL_Get_DRDY_Status
                        0x0800bce9   0x28  Code  Lc  LIS3MDL_MAG_driver_HL.o [1]
LIS3MDL_Get_FS          0x0800bba9   0x4c  Code  Lc  LIS3MDL_MAG_driver_HL.o [1]
LIS3MDL_Get_ODR         0x0800ba9d   0x6a  Code  Lc  LIS3MDL_MAG_driver_HL.o [1]
LIS3MDL_Get_Sensitivity
                        0x0800ba59   0x42  Code  Lc  LIS3MDL_MAG_driver_HL.o [1]
LIS3MDL_Get_WhoAmI      0x0800b929   0x12  Code  Lc  LIS3MDL_MAG_driver_HL.o [1]
LIS3MDL_Init            0x0800b841   0x6c  Code  Lc  LIS3MDL_MAG_driver_HL.o [1]
LIS3MDL_MAG_Get_Magnetic
                        0x0800be85   0x48  Code  Gb  LIS3MDL_MAG_driver.o [1]
LIS3MDL_MAG_R_FullScale
                        0x0800be07   0x20  Code  Gb  LIS3MDL_MAG_driver.o [1]
LIS3MDL_MAG_R_NewXYZData
                        0x0800bf49   0x20  Code  Gb  LIS3MDL_MAG_driver.o [1]
LIS3MDL_MAG_R_OutputDataRate
                        0x0800be65   0x20  Code  Gb  LIS3MDL_MAG_driver.o [1]
LIS3MDL_MAG_R_WHO_AM_I_
                        0x0800bd35   0x18  Code  Gb  LIS3MDL_MAG_driver.o [1]
LIS3MDL_MAG_ReadReg     0x0800bd23   0x12  Code  Gb  LIS3MDL_MAG_driver.o [1]
LIS3MDL_MAG_W_BlockDataUpdate
                        0x0800bd8b   0x3e  Code  Gb  LIS3MDL_MAG_driver.o [1]
LIS3MDL_MAG_W_FullScale
                        0x0800bdc9   0x3e  Code  Gb  LIS3MDL_MAG_driver.o [1]
LIS3MDL_MAG_W_OperatingModeXY
                        0x0800becd   0x3e  Code  Gb  LIS3MDL_MAG_driver.o [1]
LIS3MDL_MAG_W_OutputDataRate
                        0x0800be27   0x3e  Code  Gb  LIS3MDL_MAG_driver.o [1]
LIS3MDL_MAG_W_SystemOperatingMode
                        0x0800bd4d   0x3e  Code  Gb  LIS3MDL_MAG_driver.o [1]
LIS3MDL_MAG_W_TemperatureSensor
                        0x0800bf0b   0x3e  Code  Gb  LIS3MDL_MAG_driver.o [1]
LIS3MDL_MAG_WriteReg    0x0800bd11   0x12  Code  Gb  LIS3MDL_MAG_driver.o [1]
LIS3MDL_Read_Reg        0x0800bcc1   0x14  Code  Lc  LIS3MDL_MAG_driver_HL.o [1]
LIS3MDL_Sensor_Disable  0x0800b90d   0x1c  Code  Lc  LIS3MDL_MAG_driver_HL.o [1]
LIS3MDL_Sensor_Enable   0x0800b8ed   0x20  Code  Lc  LIS3MDL_MAG_driver_HL.o [1]
LIS3MDL_Set_FS          0x0800bbf5   0x30  Code  Lc  LIS3MDL_MAG_driver_HL.o [1]
LIS3MDL_Set_FS_Value    0x0800bc25   0x3c  Code  Lc  LIS3MDL_MAG_driver_HL.o [1]
LIS3MDL_Set_ODR         0x0800bb09   0x34  Code  Lc  LIS3MDL_MAG_driver_HL.o [1]
LIS3MDL_Set_ODR_Value   0x0800bb3d   0x6c  Code  Lc  LIS3MDL_MAG_driver_HL.o [1]
LIS3MDL_Write_Reg       0x0800bcd5   0x14  Code  Lc  LIS3MDL_MAG_driver_HL.o [1]
LPS22HB_Combo_Data      0x200019ac    0x8  Data  Gb  LPS22HB_Driver_HL.o [1]
LPS22HB_FIFO_Get_Data   0x08009dad   0x50  Code  Lc  LPS22HB_Driver_HL.o [1]
LPS22HB_FIFO_Get_Empty_Status
                        0x08009ce9   0x1c  Code  Lc  LPS22HB_Driver_HL.o [1]
LPS22HB_FIFO_Get_Fth_Status
                        0x08009d3d   0x1c  Code  Lc  LPS22HB_Driver_HL.o [1]
LPS22HB_FIFO_Get_Full_Status
                        0x08009d05   0x1c  Code  Lc  LPS22HB_Driver_HL.o [1]
LPS22HB_FIFO_Get_Mode   0x08009e25   0x1c  Code  Lc  LPS22HB_Driver_HL.o [1]
LPS22HB_FIFO_Get_Num_Of_Samples
                        0x08009d91   0x1c  Code  Lc  LPS22HB_Driver_HL.o [1]
LPS22HB_FIFO_Get_Ovr_Status
                        0x08009d21   0x1c  Code  Lc  LPS22HB_Driver_HL.o [1]
LPS22HB_FIFO_Get_Watermark_Level
                        0x08009e71   0x12  Code  Lc  LPS22HB_Driver_HL.o [1]
LPS22HB_FIFO_Reset_Interrupt
                        0x08009ef3   0x40  Code  Lc  LPS22HB_Driver_HL.o [1]
LPS22HB_FIFO_Set_Interrupt
                        0x08009eb1   0x42  Code  Lc  LPS22HB_Driver_HL.o [1]
LPS22HB_FIFO_Set_Mode   0x08009e41   0x30  Code  Lc  LPS22HB_Driver_HL.o [1]
LPS22HB_FIFO_Set_Watermark_Level
                        0x08009e83   0x12  Code  Lc  LPS22HB_Driver_HL.o [1]
LPS22HB_FIFO_Stop_On_Fth
                        0x08009d59   0x1c  Code  Lc  LPS22HB_Driver_HL.o [1]
LPS22HB_FIFO_Usage      0x08009d75   0x1c  Code  Lc  LPS22HB_Driver_HL.o [1]
LPS22HB_FIFO_Watermark_Usage
                        0x08009e95   0x1c  Code  Lc  LPS22HB_Driver_HL.o [1]
LPS22HB_Get_DataStatus  0x0800a26b   0x46  Code  Gb  LPS22HB_Driver.o [1]
LPS22HB_Get_DeviceID    0x08009f5f   0x1a  Code  Gb  LPS22HB_Driver.o [1]
LPS22HB_Get_FifoMode    0x0800a373   0x28  Code  Gb  LPS22HB_Driver.o [1]
LPS22HB_Get_FifoStatus  0x0800a3fb   0x4e  Code  Gb  LPS22HB_Driver.o [1]
LPS22HB_Get_FifoWatermarkLevel
                        0x0800a3db   0x20  Code  Gb  LPS22HB_Driver.o [1]
LPS22HB_Get_Odr         0x08009ff9   0x28  Code  Gb  LPS22HB_Driver.o [1]
LPS22HB_Get_Pressure    0x0800a2b1   0x48  Code  Gb  LPS22HB_Driver.o [1]
LPS22HB_Get_Temperature
                        0x0800a2f9   0x3a  Code  Gb  LPS22HB_Driver.o [1]
LPS22HB_P_0_Data        0x200017ec    0x4  Data  Lc  x_nucleo_iks01a1_pressure.o [1]
LPS22HB_P_Check_WhoAmI  0x080095e1   0x2a  Code  Lc  LPS22HB_Driver_HL.o [1]
LPS22HB_P_DeInit        0x080094bf   0x34  Code  Lc  LPS22HB_Driver_HL.o [1]
LPS22HB_P_Drv           0x200007f0   0x34  Data  Gb  LPS22HB_Driver_HL.o [1]
LPS22HB_P_ExtDrv        0x20000858   0x3c  Data  Gb  LPS22HB_Driver_HL.o [1]
LPS22HB_P_Get_DRDY_Status
                        0x08009881   0x1c  Code  Lc  LPS22HB_Driver_HL.o [1]
LPS22HB_P_Get_ODR       0x08009635   0x72  Code  Lc  LPS22HB_Driver_HL.o [1]
LPS22HB_P_Get_Press     0x0800960b   0x2a  Code  Lc  LPS22HB_Driver_HL.o [1]
LPS22HB_P_Get_WhoAmI    0x080095cf   0x12  Code  Lc  LPS22HB_Driver_HL.o [1]
LPS22HB_P_Init          0x08009421   0x9e  Code  Lc  LPS22HB_Driver_HL.o [1]
LPS22HB_P_Read_Reg      0x08009851   0x16  Code  Lc  LPS22HB_Driver_HL.o [1]
LPS22HB_P_Sensor_Disable
                        0x080095a5   0x2a  Code  Lc  LPS22HB_Driver_HL.o [1]
LPS22HB_P_Sensor_Enable
                        0x080094f3   0xb2  Code  Lc  LPS22HB_Driver_HL.o [1]
LPS22HB_P_Set_ODR       0x080096a9   0xbc  Code  Lc  LPS22HB_Driver_HL.o [1]
LPS22HB_P_Set_ODR_Value
                        0x08009765   0xec  Code  Lc  LPS22HB_Driver_HL.o [1]
LPS22HB_P_Write_Reg     0x08009867   0x1a  Code  Lc  LPS22HB_Driver_HL.o [1]
LPS22HB_ReadReg         0x08009f33   0x16  Code  Gb  LPS22HB_Driver.o [1]
LPS22HB_Sensor_IO_ITConfig
                        0x080037c9   0x46  Code  Gb  x_nucleo_iks01a1.o [1]
LPS22HB_Set_AutomaticIncrementRegAddress
                        0x0800a163   0x42  Code  Gb  LPS22HB_Driver.o [1]
LPS22HB_Set_Bdu         0x0800a0a3   0x3c  Code  Gb  LPS22HB_Driver.o [1]
LPS22HB_Set_FIFO_FTH_Interrupt
                        0x0800a1e7   0x42  Code  Gb  LPS22HB_Driver.o [1]
LPS22HB_Set_FIFO_FULL_Interrupt
                        0x0800a229   0x42  Code  Gb  LPS22HB_Driver.o [1]
LPS22HB_Set_FIFO_OVR_Interrupt
                        0x0800a1a5   0x42  Code  Gb  LPS22HB_Driver.o [1]
LPS22HB_Set_FifoMode    0x0800a333   0x40  Code  Gb  LPS22HB_Driver.o [1]
LPS22HB_Set_FifoModeUse
                        0x0800a0df   0x42  Code  Gb  LPS22HB_Driver.o [1]
LPS22HB_Set_FifoWatermarkLevel
                        0x0800a39b   0x40  Code  Gb  LPS22HB_Driver.o [1]
LPS22HB_Set_FifoWatermarkLevelUse
                        0x0800a121   0x42  Code  Gb  LPS22HB_Driver.o [1]
LPS22HB_Set_LowPassFilter
                        0x0800a021   0x42  Code  Gb  LPS22HB_Driver.o [1]
LPS22HB_Set_LowPassFilterCutoff
                        0x0800a063   0x40  Code  Gb  LPS22HB_Driver.o [1]
LPS22HB_Set_Odr         0x08009fb9   0x40  Code  Gb  LPS22HB_Driver.o [1]
LPS22HB_Set_PowerMode   0x08009f79   0x40  Code  Gb  LPS22HB_Driver.o [1]
LPS22HB_T_0_Data        0x2000170c    0x4  Data  Lc  x_nucleo_iks01a1_temperature.o [1]
LPS22HB_T_Check_WhoAmI  0x08009a5d   0x2a  Code  Lc  LPS22HB_Driver_HL.o [1]
LPS22HB_T_DeInit        0x0800993b   0x34  Code  Lc  LPS22HB_Driver_HL.o [1]
LPS22HB_T_Drv           0x20000824   0x34  Data  Gb  LPS22HB_Driver_HL.o [1]
LPS22HB_T_ExtDrv        0x20000894   0x3c  Data  Gb  LPS22HB_Driver_HL.o [1]
LPS22HB_T_Get_DRDY_Status
                        0x08009ccd   0x1c  Code  Lc  LPS22HB_Driver_HL.o [1]
LPS22HB_T_Get_ODR       0x08009ab5   0x6e  Code  Lc  LPS22HB_Driver_HL.o [1]
LPS22HB_T_Get_Temp      0x08009a87   0x2e  Code  Lc  LPS22HB_Driver_HL.o [1]
LPS22HB_T_Get_WhoAmI    0x08009a4b   0x12  Code  Lc  LPS22HB_Driver_HL.o [1]
LPS22HB_T_Init          0x0800989d   0x9e  Code  Lc  LPS22HB_Driver_HL.o [1]
LPS22HB_T_Read_Reg      0x08009c9d   0x16  Code  Lc  LPS22HB_Driver_HL.o [1]
LPS22HB_T_Sensor_Disable
                        0x08009a21   0x2a  Code  Lc  LPS22HB_Driver_HL.o [1]
LPS22HB_T_Sensor_Enable
                        0x0800996f   0xb2  Code  Lc  LPS22HB_Driver_HL.o [1]
LPS22HB_T_Set_ODR       0x08009b25   0xac  Code  Lc  LPS22HB_Driver_HL.o [1]
LPS22HB_T_Set_ODR_Value
                        0x08009bd1   0xcc  Code  Lc  LPS22HB_Driver_HL.o [1]
LPS22HB_T_Write_Reg     0x08009cb3   0x1a  Code  Lc  LPS22HB_Driver_HL.o [1]
LPS22HB_WriteReg        0x08009f49   0x16  Code  Gb  LPS22HB_Driver.o [1]
LPS25HB_Activate        0x0800ab61   0x32  Code  Gb  LPS25HB_Driver.o [1]
LPS25HB_Combo_Data      0x200019b4    0x8  Data  Gb  LPS25HB_Driver_HL.o [1]
LPS25HB_DeActivate      0x0800ab93   0x32  Code  Gb  LPS25HB_Driver.o [1]
LPS25HB_Get_DataStatus  0x0800ad65   0x46  Code  Gb  LPS25HB_Driver.o [1]
LPS25HB_Get_DeviceID    0x0800aac1   0x1a  Code  Gb  LPS25HB_Driver.o [1]
LPS25HB_Get_Odr         0x0800ac27   0x28  Code  Gb  LPS25HB_Driver.o [1]
LPS25HB_Get_Pressure    0x0800adab   0x48  Code  Gb  LPS25HB_Driver.o [1]
LPS25HB_Get_Temperature
                        0x0800adf3   0x38  Code  Gb  LPS25HB_Driver.o [1]
LPS25HB_P_0_Data        0x200017e4    0x4  Data  Lc  x_nucleo_iks01a1_pressure.o [1]
LPS25HB_P_1_Data        0x200017e8    0x4  Data  Lc  x_nucleo_iks01a1_pressure.o [1]
LPS25HB_P_Check_WhoAmI  0x0800a673   0x2a  Code  Lc  LPS25HB_Driver_HL.o [1]
LPS25HB_P_DeInit        0x0800a5cf   0x3a  Code  Lc  LPS25HB_Driver_HL.o [1]
LPS25HB_P_Drv           0x200008d0   0x34  Data  Gb  LPS25HB_Driver_HL.o [1]
LPS25HB_P_Get_DRDY_Status
                        0x0800a7bd   0x1c  Code  Lc  LPS25HB_Driver_HL.o [1]
LPS25HB_P_Get_ODR       0x0800a6c7   0x5a  Code  Lc  LPS25HB_Driver_HL.o [1]
LPS25HB_P_Get_Press     0x0800a69d   0x2a  Code  Lc  LPS25HB_Driver_HL.o [1]
LPS25HB_P_Get_WhoAmI    0x0800a661   0x12  Code  Lc  LPS25HB_Driver_HL.o [1]
LPS25HB_P_Init          0x0800a545   0x8a  Code  Lc  LPS25HB_Driver_HL.o [1]
LPS25HB_P_Read_Reg      0x0800a78d   0x16  Code  Lc  LPS25HB_Driver_HL.o [1]
LPS25HB_P_Sensor_Disable
                        0x0800a637   0x2a  Code  Lc  LPS25HB_Driver_HL.o [1]
LPS25HB_P_Sensor_Enable
                        0x0800a609   0x2e  Code  Lc  LPS25HB_Driver_HL.o [1]
LPS25HB_P_Set_ODR       0x0800a721   0x30  Code  Lc  LPS25HB_Driver_HL.o [1]
LPS25HB_P_Set_ODR_Value
                        0x0800a751   0x3c  Code  Lc  LPS25HB_Driver_HL.o [1]
LPS25HB_P_Write_Reg     0x0800a7a3   0x1a  Code  Lc  LPS25HB_Driver_HL.o [1]
LPS25HB_ReadReg         0x0800aa95   0x16  Code  Gb  LPS25HB_Driver.o [1]
LPS25HB_Set_Avg         0x0800aadb   0x86  Code  Gb  LPS25HB_Driver.o [1]
LPS25HB_Set_Bdu         0x0800ac4f   0x58  Code  Gb  LPS25HB_Driver.o [1]
LPS25HB_Set_InterruptCircuitEnable
                        0x0800aca7   0x5e  Code  Gb  LPS25HB_Driver.o [1]
LPS25HB_Set_Odr         0x0800abc5   0x62  Code  Gb  LPS25HB_Driver.o [1]
LPS25HB_Set_SpiInterface
                        0x0800ad05   0x58  Code  Gb  LPS25HB_Driver.o [1]
LPS25HB_T_0_Data        0x20001704    0x4  Data  Lc  x_nucleo_iks01a1_temperature.o [1]
LPS25HB_T_1_Data        0x20001708    0x4  Data  Lc  x_nucleo_iks01a1_temperature.o [1]
LPS25HB_T_Check_WhoAmI  0x0800a907   0x2a  Code  Lc  LPS25HB_Driver_HL.o [1]
LPS25HB_T_DeInit        0x0800a863   0x3a  Code  Lc  LPS25HB_Driver_HL.o [1]
LPS25HB_T_Drv           0x20000904   0x34  Data  Gb  LPS25HB_Driver_HL.o [1]
LPS25HB_T_Get_DRDY_Status
                        0x0800aa79   0x1c  Code  Lc  LPS25HB_Driver_HL.o [1]
LPS25HB_T_Get_ODR       0x0800a95d   0x5a  Code  Lc  LPS25HB_Driver_HL.o [1]
LPS25HB_T_Get_Temp      0x0800a931   0x2c  Code  Lc  LPS25HB_Driver_HL.o [1]
LPS25HB_T_Get_WhoAmI    0x0800a8f5   0x12  Code  Lc  LPS25HB_Driver_HL.o [1]
LPS25HB_T_Init          0x0800a7d9   0x8a  Code  Lc  LPS25HB_Driver_HL.o [1]
LPS25HB_T_Read_Reg      0x0800aa49   0x16  Code  Lc  LPS25HB_Driver_HL.o [1]
LPS25HB_T_Sensor_Disable
                        0x0800a8cb   0x2a  Code  Lc  LPS25HB_Driver_HL.o [1]
LPS25HB_T_Sensor_Enable
                        0x0800a89d   0x2e  Code  Lc  LPS25HB_Driver_HL.o [1]
LPS25HB_T_Set_ODR       0x0800a9b9   0x30  Code  Lc  LPS25HB_Driver_HL.o [1]
LPS25HB_T_Set_ODR_Value
                        0x0800a9e9   0x3c  Code  Lc  LPS25HB_Driver_HL.o [1]
LPS25HB_T_Write_Reg     0x0800aa5f   0x1a  Code  Lc  LPS25HB_Driver_HL.o [1]
LPS25HB_WriteReg        0x0800aaab   0x16  Code  Gb  LPS25HB_Driver.o [1]
LSM6DS0_ACC_GYRO_Get_Acceleration
                        0x08009127   0x48  Code  Gb  LSM6DS0_ACC_GYRO_driver.o [1]
LSM6DS0_ACC_GYRO_Get_AngularRate
                        0x080090df   0x48  Code  Gb  LSM6DS0_ACC_GYRO_driver.o [1]
LSM6DS0_ACC_GYRO_R_AccelerometerAxisX
                        0x08009307   0x20  Code  Gb  LSM6DS0_ACC_GYRO_driver.o [1]
LSM6DS0_ACC_GYRO_R_AccelerometerAxisY
                        0x08009365   0x20  Code  Gb  LSM6DS0_ACC_GYRO_driver.o [1]
LSM6DS0_ACC_GYRO_R_AccelerometerAxisZ
                        0x080093c3   0x20  Code  Gb  LSM6DS0_ACC_GYRO_driver.o [1]
LSM6DS0_ACC_GYRO_R_AccelerometerDataRate
                        0x08009081   0x20  Code  Gb  LSM6DS0_ACC_GYRO_driver.o [1]
LSM6DS0_ACC_GYRO_R_AccelerometerDataReadyFlag
                        0x0800916f   0x20  Code  Gb  LSM6DS0_ACC_GYRO_driver.o [1]
LSM6DS0_ACC_GYRO_R_AccelerometerFullScale
                        0x08009023   0x20  Code  Gb  LSM6DS0_ACC_GYRO_driver.o [1]
LSM6DS0_ACC_GYRO_R_GyroAxisX
                        0x080091ed   0x20  Code  Gb  LSM6DS0_ACC_GYRO_driver.o [1]
LSM6DS0_ACC_GYRO_R_GyroAxisY
                        0x0800924b   0x20  Code  Gb  LSM6DS0_ACC_GYRO_driver.o [1]
LSM6DS0_ACC_GYRO_R_GyroAxisZ
                        0x080092a9   0x20  Code  Gb  LSM6DS0_ACC_GYRO_driver.o [1]
LSM6DS0_ACC_GYRO_R_GyroDataRate
                        0x08008fc5   0x20  Code  Gb  LSM6DS0_ACC_GYRO_driver.o [1]
LSM6DS0_ACC_GYRO_R_GyroDataReadyFlag
                        0x0800918f   0x20  Code  Gb  LSM6DS0_ACC_GYRO_driver.o [1]
LSM6DS0_ACC_GYRO_R_GyroFullScale
                        0x08008f67   0x20  Code  Gb  LSM6DS0_ACC_GYRO_driver.o [1]
LSM6DS0_ACC_GYRO_R_WHO_AM_I_
                        0x08008f11   0x18  Code  Gb  LSM6DS0_ACC_GYRO_driver.o [1]
LSM6DS0_ACC_GYRO_ReadReg
                        0x08008eff   0x12  Code  Gb  LSM6DS0_ACC_GYRO_driver.o [1]
LSM6DS0_ACC_GYRO_W_AccelerometerAxisX
                        0x080092c9   0x3e  Code  Gb  LSM6DS0_ACC_GYRO_driver.o [1]
LSM6DS0_ACC_GYRO_W_AccelerometerAxisY
                        0x08009327   0x3e  Code  Gb  LSM6DS0_ACC_GYRO_driver.o [1]
LSM6DS0_ACC_GYRO_W_AccelerometerAxisZ
                        0x08009385   0x3e  Code  Gb  LSM6DS0_ACC_GYRO_driver.o [1]
LSM6DS0_ACC_GYRO_W_AccelerometerDataRate
                        0x08009043   0x3e  Code  Gb  LSM6DS0_ACC_GYRO_driver.o [1]
LSM6DS0_ACC_GYRO_W_AccelerometerFullScale
                        0x08008fe5   0x3e  Code  Gb  LSM6DS0_ACC_GYRO_driver.o [1]
LSM6DS0_ACC_GYRO_W_AutoIndexOnMultiAccess
                        0x080093e3   0x3e  Code  Gb  LSM6DS0_ACC_GYRO_driver.o [1]
LSM6DS0_ACC_GYRO_W_BlockDataUpdate
                        0x080090a1   0x3e  Code  Gb  LSM6DS0_ACC_GYRO_driver.o [1]
LSM6DS0_ACC_GYRO_W_GyroAxisX
                        0x080091af   0x3e  Code  Gb  LSM6DS0_ACC_GYRO_driver.o [1]
LSM6DS0_ACC_GYRO_W_GyroAxisY
                        0x0800920d   0x3e  Code  Gb  LSM6DS0_ACC_GYRO_driver.o [1]
LSM6DS0_ACC_GYRO_W_GyroAxisZ
                        0x0800926b   0x3e  Code  Gb  LSM6DS0_ACC_GYRO_driver.o [1]
LSM6DS0_ACC_GYRO_W_GyroDataRate
                        0x08008f87   0x3e  Code  Gb  LSM6DS0_ACC_GYRO_driver.o [1]
LSM6DS0_ACC_GYRO_W_GyroFullScale
                        0x08008f29   0x3e  Code  Gb  LSM6DS0_ACC_GYRO_driver.o [1]
LSM6DS0_ACC_GYRO_WriteReg
                        0x08008eed   0x12  Code  Gb  LSM6DS0_ACC_GYRO_driver.o [1]
LSM6DS0_Combo_Data      0x200019bc    0x8  Data  Gb  LSM6DS0_ACC_GYRO_driver_HL.o [1]
LSM6DS0_G_0_Data        0x20001960    0x8  Data  Lc  x_nucleo_iks01a1_gyro.o [1]
LSM6DS0_G_Check_WhoAmI  0x08008903   0x2c  Code  Lc  LSM6DS0_ACC_GYRO_driver_HL.o [1]
LSM6DS0_G_DeInit        0x080086ff   0xaa  Code  Lc  LSM6DS0_ACC_GYRO_driver_HL.o [1]
LSM6DS0_G_Drv           0x20000988   0x50  Data  Gb  LSM6DS0_ACC_GYRO_driver_HL.o [1]
LSM6DS0_G_Get_Axes      0x0800892f   0xac  Code  Lc  LSM6DS0_ACC_GYRO_driver_HL.o [1]
LSM6DS0_G_Get_AxesRaw   0x080089db   0x4a  Code  Lc  LSM6DS0_ACC_GYRO_driver_HL.o [1]
LSM6DS0_G_Get_Axes_Status
                        0x08008ded   0x5e  Code  Lc  LSM6DS0_ACC_GYRO_driver_HL.o [1]
LSM6DS0_G_Get_DRDY_Status
                        0x08008ec5   0x28  Code  Lc  LSM6DS0_ACC_GYRO_driver_HL.o [1]
LSM6DS0_G_Get_FS        0x08008ced   0x3e  Code  Lc  LSM6DS0_ACC_GYRO_driver_HL.o [1]
LSM6DS0_G_Get_ODR       0x08008a69   0x60  Code  Lc  LSM6DS0_ACC_GYRO_driver_HL.o [1]
LSM6DS0_G_Get_Sensitivity
                        0x08008a25   0x44  Code  Lc  LSM6DS0_ACC_GYRO_driver_HL.o [1]
LSM6DS0_G_Get_WhoAmI    0x080088f1   0x12  Code  Lc  LSM6DS0_ACC_GYRO_driver_HL.o [1]
LSM6DS0_G_Init          0x0800867b   0x84  Code  Lc  LSM6DS0_ACC_GYRO_driver_HL.o [1]
LSM6DS0_G_Read_Reg      0x08008e97   0x14  Code  Lc  LSM6DS0_ACC_GYRO_driver_HL.o [1]
LSM6DS0_G_Sensor_Disable
                        0x08008871   0x80  Code  Lc  LSM6DS0_ACC_GYRO_driver_HL.o [1]
LSM6DS0_G_Sensor_Enable
                        0x080087a9   0xc8  Code  Lc  LSM6DS0_ACC_GYRO_driver_HL.o [1]
LSM6DS0_G_Set_Axes_Status
                        0x08008e4b   0x4c  Code  Lc  LSM6DS0_ACC_GYRO_driver_HL.o [1]
LSM6DS0_G_Set_FS        0x08008d31   0x30  Code  Lc  LSM6DS0_ACC_GYRO_driver_HL.o [1]
LSM6DS0_G_Set_FS_Value  0x08008d61   0x30  Code  Lc  LSM6DS0_ACC_GYRO_driver_HL.o [1]
LSM6DS0_G_Set_ODR       0x08008ad9   0xb2  Code  Lc  LSM6DS0_ACC_GYRO_driver_HL.o [1]
LSM6DS0_G_Set_ODR_Value
                        0x08008bb5  0x134  Code  Lc  LSM6DS0_ACC_GYRO_driver_HL.o [1]
LSM6DS0_G_Write_Reg     0x08008eab   0x1a  Code  Lc  LSM6DS0_ACC_GYRO_driver_HL.o [1]
LSM6DS0_Sensor_IO_ITConfig
                        0x08003747    0x4  Code  Gb  x_nucleo_iks01a1.o [1]
LSM6DS0_X_0_Data        0x2000191c    0x8  Data  Lc  x_nucleo_iks01a1_accelero.o [1]
LSM6DS0_X_Check_WhoAmI  0x080081a7   0x2c  Code  Lc  LSM6DS0_ACC_GYRO_driver_HL.o [1]
LSM6DS0_X_DeInit        0x08008049   0x54  Code  Lc  LSM6DS0_ACC_GYRO_driver_HL.o [1]
LSM6DS0_X_Drv           0x20000938   0x50  Data  Gb  LSM6DS0_ACC_GYRO_driver_HL.o [1]
LSM6DS0_X_Get_Axes      0x080081d3   0xb8  Code  Lc  LSM6DS0_ACC_GYRO_driver_HL.o [1]
LSM6DS0_X_Get_AxesRaw   0x0800828b   0x4a  Code  Lc  LSM6DS0_ACC_GYRO_driver_HL.o [1]
LSM6DS0_X_Get_Axes_Status
                        0x0800857b   0x5e  Code  Lc  LSM6DS0_ACC_GYRO_driver_HL.o [1]
LSM6DS0_X_Get_DRDY_Status
                        0x08008653   0x28  Code  Lc  LSM6DS0_ACC_GYRO_driver_HL.o [1]
LSM6DS0_X_Get_FS        0x080084b7   0x50  Code  Lc  LSM6DS0_ACC_GYRO_driver_HL.o [1]
LSM6DS0_X_Get_ODR       0x08008325   0x7c  Code  Lc  LSM6DS0_ACC_GYRO_driver_HL.o [1]
LSM6DS0_X_Get_Sensitivity
                        0x080082d5   0x50  Code  Lc  LSM6DS0_ACC_GYRO_driver_HL.o [1]
LSM6DS0_X_Get_WhoAmI    0x08008195   0x12  Code  Lc  LSM6DS0_ACC_GYRO_driver_HL.o [1]
LSM6DS0_X_Init          0x08007fc9   0x80  Code  Lc  LSM6DS0_ACC_GYRO_driver_HL.o [1]
LSM6DS0_X_Read_Reg      0x08008625   0x14  Code  Lc  LSM6DS0_ACC_GYRO_driver_HL.o [1]
LSM6DS0_X_Sensor_Disable
                        0x08008107   0x8e  Code  Lc  LSM6DS0_ACC_GYRO_driver_HL.o [1]
LSM6DS0_X_Sensor_Enable
                        0x0800809d   0x6a  Code  Lc  LSM6DS0_ACC_GYRO_driver_HL.o [1]
LSM6DS0_X_Set_Axes_Status
                        0x080085d9   0x4c  Code  Lc  LSM6DS0_ACC_GYRO_driver_HL.o [1]
LSM6DS0_X_Set_FS        0x08008509   0x30  Code  Lc  LSM6DS0_ACC_GYRO_driver_HL.o [1]
LSM6DS0_X_Set_FS_Value  0x08008539   0x42  Code  Lc  LSM6DS0_ACC_GYRO_driver_HL.o [1]
LSM6DS0_X_Set_ODR       0x080083a1   0x5a  Code  Lc  LSM6DS0_ACC_GYRO_driver_HL.o [1]
LSM6DS0_X_Set_ODR_Value
                        0x080083fb   0xbc  Code  Lc  LSM6DS0_ACC_GYRO_driver_HL.o [1]
LSM6DS0_X_Write_Reg     0x08008639   0x1a  Code  Lc  LSM6DS0_ACC_GYRO_driver_HL.o [1]
LSM6DS3_ACC_GYRO_GetRawAccData
                        0x0800228d   0x48  Code  Gb  LSM6DS3_ACC_GYRO_driver.o [1]
LSM6DS3_ACC_GYRO_GetRawGyroData
                        0x080023ef   0x48  Code  Gb  LSM6DS3_ACC_GYRO_driver.o [1]
LSM6DS3_ACC_GYRO_Get_GetFIFOData
                        0x0800343d   0x2e  Code  Gb  LSM6DS3_ACC_GYRO_driver.o [1]
LSM6DS3_ACC_GYRO_Get_GetStepCounter
                        0x0800346b   0x2e  Code  Gb  LSM6DS3_ACC_GYRO_driver.o [1]
LSM6DS3_ACC_GYRO_R_D6D_EV_STATUS
                        0x08002b4f   0x20  Code  Gb  LSM6DS3_ACC_GYRO_driver.o [1]
LSM6DS3_ACC_GYRO_R_DOUBLE_TAP_EV_STATUS
                        0x08002a4f   0x20  Code  Gb  LSM6DS3_ACC_GYRO_driver.o [1]
LSM6DS3_ACC_GYRO_R_DSD_XH
                        0x08002aaf   0x20  Code  Gb  LSM6DS3_ACC_GYRO_driver.o [1]
LSM6DS3_ACC_GYRO_R_DSD_XL
                        0x08002a8f   0x20  Code  Gb  LSM6DS3_ACC_GYRO_driver.o [1]
LSM6DS3_ACC_GYRO_R_DSD_YH
                        0x08002aef   0x20  Code  Gb  LSM6DS3_ACC_GYRO_driver.o [1]
LSM6DS3_ACC_GYRO_R_DSD_YL
                        0x08002acf   0x20  Code  Gb  LSM6DS3_ACC_GYRO_driver.o [1]
LSM6DS3_ACC_GYRO_R_DSD_ZH
                        0x08002b2f   0x20  Code  Gb  LSM6DS3_ACC_GYRO_driver.o [1]
LSM6DS3_ACC_GYRO_R_DSD_ZL
                        0x08002b0f   0x20  Code  Gb  LSM6DS3_ACC_GYRO_driver.o [1]
LSM6DS3_ACC_GYRO_R_FF_EV_STATUS
                        0x08002a2f   0x20  Code  Gb  LSM6DS3_ACC_GYRO_driver.o [1]
LSM6DS3_ACC_GYRO_R_FIFOEmpty
                        0x08002bf1   0x20  Code  Gb  LSM6DS3_ACC_GYRO_driver.o [1]
LSM6DS3_ACC_GYRO_R_FIFOFull
                        0x08002c11   0x20  Code  Gb  LSM6DS3_ACC_GYRO_driver.o [1]
LSM6DS3_ACC_GYRO_R_FIFONumOfEntries
                        0x08002baf   0x42  Code  Gb  LSM6DS3_ACC_GYRO_driver.o [1]
LSM6DS3_ACC_GYRO_R_FIFOPattern
                        0x08002c51   0x42  Code  Gb  LSM6DS3_ACC_GYRO_driver.o [1]
LSM6DS3_ACC_GYRO_R_FS_125
                        0x08002475   0x20  Code  Gb  LSM6DS3_ACC_GYRO_driver.o [1]
LSM6DS3_ACC_GYRO_R_FS_G
                        0x08002371   0x20  Code  Gb  LSM6DS3_ACC_GYRO_driver.o [1]
LSM6DS3_ACC_GYRO_R_FS_XL
                        0x0800226d   0x20  Code  Gb  LSM6DS3_ACC_GYRO_driver.o [1]
LSM6DS3_ACC_GYRO_R_GDA  0x08002b8f   0x20  Code  Gb  LSM6DS3_ACC_GYRO_driver.o [1]
LSM6DS3_ACC_GYRO_R_ODR_G
                        0x080023cf   0x20  Code  Gb  LSM6DS3_ACC_GYRO_driver.o [1]
LSM6DS3_ACC_GYRO_R_ODR_XL
                        0x08002313   0x20  Code  Gb  LSM6DS3_ACC_GYRO_driver.o [1]
LSM6DS3_ACC_GYRO_R_OVERRUN
                        0x08002c31   0x20  Code  Gb  LSM6DS3_ACC_GYRO_driver.o [1]
LSM6DS3_ACC_GYRO_R_PEDO_EV_STATUS
                        0x08002c93   0x20  Code  Gb  LSM6DS3_ACC_GYRO_driver.o [1]
LSM6DS3_ACC_GYRO_R_SINGLE_TAP_EV_STATUS
                        0x08002a6f   0x20  Code  Gb  LSM6DS3_ACC_GYRO_driver.o [1]
LSM6DS3_ACC_GYRO_R_TILT_EV_STATUS
                        0x08002cb3   0x20  Code  Gb  LSM6DS3_ACC_GYRO_driver.o [1]
LSM6DS3_ACC_GYRO_R_WHO_AM_I
                        0x080021d9   0x18  Code  Gb  LSM6DS3_ACC_GYRO_driver.o [1]
LSM6DS3_ACC_GYRO_R_WU_EV_STATUS
                        0x08002a0f   0x20  Code  Gb  LSM6DS3_ACC_GYRO_driver.o [1]
LSM6DS3_ACC_GYRO_R_XEN_G
                        0x080028f5   0x20  Code  Gb  LSM6DS3_ACC_GYRO_driver.o [1]
LSM6DS3_ACC_GYRO_R_XEN_XL
                        0x0800279d   0x20  Code  Gb  LSM6DS3_ACC_GYRO_driver.o [1]
LSM6DS3_ACC_GYRO_R_XLDA
                        0x08002b6f   0x20  Code  Gb  LSM6DS3_ACC_GYRO_driver.o [1]
LSM6DS3_ACC_GYRO_R_YEN_G
                        0x08002953   0x20  Code  Gb  LSM6DS3_ACC_GYRO_driver.o [1]
LSM6DS3_ACC_GYRO_R_YEN_XL
                        0x080027fb   0x20  Code  Gb  LSM6DS3_ACC_GYRO_driver.o [1]
LSM6DS3_ACC_GYRO_R_ZEN_G
                        0x080029b1   0x20  Code  Gb  LSM6DS3_ACC_GYRO_driver.o [1]
LSM6DS3_ACC_GYRO_R_ZEN_XL
                        0x08002859   0x20  Code  Gb  LSM6DS3_ACC_GYRO_driver.o [1]
LSM6DS3_ACC_GYRO_ReadReg
                        0x080021c7   0x12  Code  Gb  LSM6DS3_ACC_GYRO_driver.o [1]
LSM6DS3_ACC_GYRO_W_6DEvOnInt1
                        0x08003193   0x3e  Code  Gb  LSM6DS3_ACC_GYRO_driver.o [1]
LSM6DS3_ACC_GYRO_W_6DEvOnInt2
                        0x08003307   0x3e  Code  Gb  LSM6DS3_ACC_GYRO_driver.o [1]
LSM6DS3_ACC_GYRO_W_BDU  0x080021f1   0x3e  Code  Gb  LSM6DS3_ACC_GYRO_driver.o [1]
LSM6DS3_ACC_GYRO_W_DEC_FIFO_G
                        0x08002531   0x3e  Code  Gb  LSM6DS3_ACC_GYRO_driver.o [1]
LSM6DS3_ACC_GYRO_W_DEC_FIFO_XL
                        0x080024f3   0x3e  Code  Gb  LSM6DS3_ACC_GYRO_driver.o [1]
LSM6DS3_ACC_GYRO_W_DUR  0x08002f39   0x40  Code  Gb  LSM6DS3_ACC_GYRO_driver.o [1]
LSM6DS3_ACC_GYRO_W_FFEvOnInt1
                        0x0800320f   0x3e  Code  Gb  LSM6DS3_ACC_GYRO_driver.o [1]
LSM6DS3_ACC_GYRO_W_FFEvOnInt2
                        0x08003383   0x3e  Code  Gb  LSM6DS3_ACC_GYRO_driver.o [1]
LSM6DS3_ACC_GYRO_W_FF_Duration
                        0x080030e7   0x6e  Code  Gb  LSM6DS3_ACC_GYRO_driver.o [1]
LSM6DS3_ACC_GYRO_W_FF_THS
                        0x080030a9   0x3e  Code  Gb  LSM6DS3_ACC_GYRO_driver.o [1]
LSM6DS3_ACC_GYRO_W_FIFO_MODE
                        0x0800256f   0x3e  Code  Gb  LSM6DS3_ACC_GYRO_driver.o [1]
LSM6DS3_ACC_GYRO_W_FIFO_Watermark
                        0x08002495   0x5e  Code  Gb  LSM6DS3_ACC_GYRO_driver.o [1]
LSM6DS3_ACC_GYRO_W_FSS5_on_INT1
                        0x080025eb   0x3e  Code  Gb  LSM6DS3_ACC_GYRO_driver.o [1]
LSM6DS3_ACC_GYRO_W_FS_125
                        0x08002437   0x3e  Code  Gb  LSM6DS3_ACC_GYRO_driver.o [1]
LSM6DS3_ACC_GYRO_W_FS_G
                        0x08002333   0x3e  Code  Gb  LSM6DS3_ACC_GYRO_driver.o [1]
LSM6DS3_ACC_GYRO_W_FS_XL
                        0x0800222f   0x3e  Code  Gb  LSM6DS3_ACC_GYRO_driver.o [1]
LSM6DS3_ACC_GYRO_W_FUNC_EN
                        0x080029d1   0x3e  Code  Gb  LSM6DS3_ACC_GYRO_driver.o [1]
LSM6DS3_ACC_GYRO_W_IF_Addr_Incr
                        0x08002667   0x3e  Code  Gb  LSM6DS3_ACC_GYRO_driver.o [1]
LSM6DS3_ACC_GYRO_W_LIR  0x08002cd3   0x3e  Code  Gb  LSM6DS3_ACC_GYRO_driver.o [1]
LSM6DS3_ACC_GYRO_W_ODR_FIFO
                        0x080025ad   0x3e  Code  Gb  LSM6DS3_ACC_GYRO_driver.o [1]
LSM6DS3_ACC_GYRO_W_ODR_G
                        0x08002391   0x3e  Code  Gb  LSM6DS3_ACC_GYRO_driver.o [1]
LSM6DS3_ACC_GYRO_W_ODR_XL
                        0x080022d5   0x3e  Code  Gb  LSM6DS3_ACC_GYRO_driver.o [1]
LSM6DS3_ACC_GYRO_W_PEDO_EN
                        0x08002e09   0x3e  Code  Gb  LSM6DS3_ACC_GYRO_driver.o [1]
LSM6DS3_ACC_GYRO_W_PEDO_STEP_on_INT1
                        0x08002629   0x3e  Code  Gb  LSM6DS3_ACC_GYRO_driver.o [1]
LSM6DS3_ACC_GYRO_W_PedoStepReset
                        0x08002879   0x3e  Code  Gb  LSM6DS3_ACC_GYRO_driver.o [1]
LSM6DS3_ACC_GYRO_W_PedoThreshold
                        0x08003499   0x80  Code  Gb  LSM6DS3_ACC_GYRO_driver.o [1]
LSM6DS3_ACC_GYRO_W_QUIET_Duration
                        0x08002efd   0x3c  Code  Gb  LSM6DS3_ACC_GYRO_driver.o [1]
LSM6DS3_ACC_GYRO_W_SHOCK_Duration
                        0x08002ec1   0x3c  Code  Gb  LSM6DS3_ACC_GYRO_driver.o [1]
LSM6DS3_ACC_GYRO_W_SINGLE_DOUBLE_TAP_EV
                        0x08002fb5   0x3e  Code  Gb  LSM6DS3_ACC_GYRO_driver.o [1]
LSM6DS3_ACC_GYRO_W_SIXD_THS
                        0x08002e83   0x3e  Code  Gb  LSM6DS3_ACC_GYRO_driver.o [1]
LSM6DS3_ACC_GYRO_W_SLEEP_DUR
                        0x08002ff3   0x3c  Code  Gb  LSM6DS3_ACC_GYRO_driver.o [1]
LSM6DS3_ACC_GYRO_W_STOP_ON_FTH
                        0x080026a5   0x3e  Code  Gb  LSM6DS3_ACC_GYRO_driver.o [1]
LSM6DS3_ACC_GYRO_W_SelfTest_G
                        0x08002721   0x3e  Code  Gb  LSM6DS3_ACC_GYRO_driver.o [1]
LSM6DS3_ACC_GYRO_W_SelfTest_XL
                        0x080026e3   0x3e  Code  Gb  LSM6DS3_ACC_GYRO_driver.o [1]
LSM6DS3_ACC_GYRO_W_SingleTapOnInt1
                        0x0800328b   0x3e  Code  Gb  LSM6DS3_ACC_GYRO_driver.o [1]
LSM6DS3_ACC_GYRO_W_SingleTapOnInt2
                        0x080033ff   0x3e  Code  Gb  LSM6DS3_ACC_GYRO_driver.o [1]
LSM6DS3_ACC_GYRO_W_TAP_THS
                        0x08002e47   0x3c  Code  Gb  LSM6DS3_ACC_GYRO_driver.o [1]
LSM6DS3_ACC_GYRO_W_TAP_X_EN
                        0x08002d8d   0x3e  Code  Gb  LSM6DS3_ACC_GYRO_driver.o [1]
LSM6DS3_ACC_GYRO_W_TAP_Y_EN
                        0x08002d4f   0x3e  Code  Gb  LSM6DS3_ACC_GYRO_driver.o [1]
LSM6DS3_ACC_GYRO_W_TAP_Z_EN
                        0x08002d11   0x3e  Code  Gb  LSM6DS3_ACC_GYRO_driver.o [1]
LSM6DS3_ACC_GYRO_W_TILT_EN
                        0x08002dcb   0x3e  Code  Gb  LSM6DS3_ACC_GYRO_driver.o [1]
LSM6DS3_ACC_GYRO_W_TIMER_HR
[...]
LSM6DS3_G_Init          0x08000a9f   0x8c  Code  Lc  LSM6DS3_ACC_GYRO_driver_HL.o [1]
LSM6DS3_G_Read_Reg      0x080012a7   0x14  Code  Lc  LSM6DS3_ACC_GYRO_driver_HL.o [1]
LSM6DS3_G_Sensor_Disable
                        0x08000c57   0x86  Code  Lc  LSM6DS3_ACC_GYRO_driver_HL.o [1]
LSM6DS3_G_Sensor_Enable
                        0x08000bdf   0x78  Code  Lc  LSM6DS3_ACC_GYRO_driver_HL.o [1]
LSM6DS3_G_Set_Axes_Status
                        0x0800125b   0x4c  Code  Lc  LSM6DS3_ACC_GYRO_driver_HL.o [1]
LSM6DS3_G_Set_FS        0x08001165   0x30  Code  Lc  LSM6DS3_ACC_GYRO_driver_HL.o [1]
LSM6DS3_G_Set_FS_Value  0x08001195   0x68  Code  Lc  LSM6DS3_ACC_GYRO_driver_HL.o [1]
LSM6DS3_G_Set_Interrupt_Latch
                        0x0800214f   0x1c  Code  Lc  LSM6DS3_ACC_GYRO_driver_HL.o [1]
LSM6DS3_G_Set_ODR       0x08000f79   0x64  Code  Lc  LSM6DS3_ACC_GYRO_driver_HL.o [1]
LSM6DS3_G_Set_ODR_Value
                        0x08000ff1   0xfa  Code  Lc  LSM6DS3_ACC_GYRO_driver_HL.o [1]
LSM6DS3_G_Set_SelfTest  0x0800216d   0x2e  Code  Lc  LSM6DS3_ACC_GYRO_driver_HL.o [1]
LSM6DS3_G_Write_Reg     0x080012bb   0x1a  Code  Lc  LSM6DS3_ACC_GYRO_driver_HL.o [1]
LSM6DS3_Sensor_IO_ITConfig
                        0x0800374b   0x7e  Code  Gb  x_nucleo_iks01a1.o [1]
LSM6DS3_X_0_Data        0x20001924    0x4  Data  Lc  x_nucleo_iks01a1_accelero.o [1]
LSM6DS3_X_Check_WhoAmI  0x08000521   0x2c  Code  Lc  LSM6DS3_ACC_GYRO_driver_HL.o [1]
LSM6DS3_X_DeInit        0x080001b1  0x210  Code  Lc  LSM6DS3_ACC_GYRO_driver_HL.o [1]
LSM6DS3_X_Disable_6D_Orientation
                        0x08001ae9   0x2a  Code  Lc  LSM6DS3_ACC_GYRO_driver_HL.o [1]
LSM6DS3_X_Disable_Double_Tap_Detection
                        0x08001941   0x70  Code  Lc  LSM6DS3_ACC_GYRO_driver_HL.o [1]
LSM6DS3_X_Disable_Free_Fall_Detection
                        0x0800142d   0x34  Code  Lc  LSM6DS3_ACC_GYRO_driver_HL.o [1]
LSM6DS3_X_Disable_Pedometer
                        0x080014fd   0x34  Code  Lc  LSM6DS3_ACC_GYRO_driver_HL.o [1]
LSM6DS3_X_Disable_Single_Tap_Detection
                        0x08001805   0x5c  Code  Lc  LSM6DS3_ACC_GYRO_driver_HL.o [1]
LSM6DS3_X_Disable_Step_Counter_Reset
                        0x0800157f   0x14  Code  Lc  LSM6DS3_ACC_GYRO_driver_HL.o [1]
LSM6DS3_X_Disable_Tilt_Detection
                        0x08001619   0x34  Code  Lc  LSM6DS3_ACC_GYRO_driver_HL.o [1]
LSM6DS3_X_Disable_Wake_Up_Detection
                        0x080016e9   0x34  Code  Lc  LSM6DS3_ACC_GYRO_driver_HL.o [1]
LSM6DS3_X_Drv           0x20000ae8   0x50  Data  Gb  LSM6DS3_ACC_GYRO_driver_HL.o [1]
LSM6DS3_X_Enable_6D_Orientation
                        0x08001a21   0x68  Code  Lc  LSM6DS3_ACC_GYRO_driver_HL.o [1]
LSM6DS3_X_Enable_Double_Tap_Detection
                        0x08001889   0xb4  Code  Lc  LSM6DS3_ACC_GYRO_driver_HL.o [1]
LSM6DS3_X_Enable_Free_Fall_Detection
                        0x08001393   0x92  Code  Lc  LSM6DS3_ACC_GYRO_driver_HL.o [1]
LSM6DS3_X_Enable_Pedometer
                        0x0800149b   0x5c  Code  Lc  LSM6DS3_ACC_GYRO_driver_HL.o [1]
LSM6DS3_X_Enable_Single_Tap_Detection
                        0x08001757   0x9e  Code  Lc  LSM6DS3_ACC_GYRO_driver_HL.o [1]
LSM6DS3_X_Enable_Step_Counter_Reset
                        0x0800156b   0x14  Code  Lc  LSM6DS3_ACC_GYRO_driver_HL.o [1]
LSM6DS3_X_Enable_Tilt_Detection
                        0x080015a5   0x74  Code  Lc  LSM6DS3_ACC_GYRO_driver_HL.o [1]
LSM6DS3_X_Enable_Wake_Up_Detection
                        0x08001675   0x74  Code  Lc  LSM6DS3_ACC_GYRO_driver_HL.o [1]
LSM6DS3_X_ExtDrv        0x200009d8   0xd4  Data  Gb  LSM6DS3_ACC_GYRO_driver_HL.o [1]
LSM6DS3_X_Get_6D_Orientation_Status
                        0x08001b13   0x28  Code  Lc  LSM6DS3_ACC_GYRO_driver_HL.o [1]
LSM6DS3_X_Get_6D_Orientation_XH
                        0x08001b63   0x28  Code  Lc  LSM6DS3_ACC_GYRO_driver_HL.o [1]
LSM6DS3_X_Get_6D_Orientation_XL
                        0x08001b3b   0x28  Code  Lc  LSM6DS3_ACC_GYRO_driver_HL.o [1]
LSM6DS3_X_Get_6D_Orientation_YH
                        0x08001bb3   0x28  Code  Lc  LSM6DS3_ACC_GYRO_driver_HL.o [1]
LSM6DS3_X_Get_6D_Orientation_YL
                        0x08001b8b   0x28  Code  Lc  LSM6DS3_ACC_GYRO_driver_HL.o [1]
LSM6DS3_X_Get_6D_Orientation_ZH
                        0x08001c03   0x28  Code  Lc  LSM6DS3_ACC_GYRO_driver_HL.o [1]
LSM6DS3_X_Get_6D_Orientation_ZL
                        0x08001bdb   0x28  Code  Lc  LSM6DS3_ACC_GYRO_driver_HL.o [1]
LSM6DS3_X_Get_Axes      0x0800054d   0xc0  Code  Lc  LSM6DS3_ACC_GYRO_driver_HL.o [1]
LSM6DS3_X_Get_AxesRaw   0x0800060d   0x4a  Code  Lc  LSM6DS3_ACC_GYRO_driver_HL.o [1]
LSM6DS3_X_Get_Axes_Status
                        0x0800099f   0x5e  Code  Lc  LSM6DS3_ACC_GYRO_driver_HL.o [1]
LSM6DS3_X_Get_DRDY_Status
                        0x08000a77   0x28  Code  Lc  LSM6DS3_ACC_GYRO_driver_HL.o [1]
LSM6DS3_X_Get_Double_Tap_Detection_Status
                        0x080019b1   0x28  Code  Lc  LSM6DS3_ACC_GYRO_driver_HL.o [1]
LSM6DS3_X_Get_Event_Status
                        0x08001c2b  0x184  Code  Lc  LSM6DS3_ACC_GYRO_driver_HL.o [1]
LSM6DS3_X_Get_FS        0x080008d9   0x52  Code  Lc  LSM6DS3_ACC_GYRO_driver_HL.o [1]
LSM6DS3_X_Get_Free_Fall_Detection_Status
                        0x08001461   0x28  Code  Lc  LSM6DS3_ACC_GYRO_driver_HL.o [1]
LSM6DS3_X_Get_ODR       0x080006ab   0x92  Code  Lc  LSM6DS3_ACC_GYRO_driver_HL.o [1]
LSM6DS3_X_Get_Pedometer_Status
                        0x08001531   0x28  Code  Lc  LSM6DS3_ACC_GYRO_driver_HL.o [1]
LSM6DS3_X_Get_Sensitivity
                        0x08000659   0x52  Code  Lc  LSM6DS3_ACC_GYRO_driver_HL.o [1]
LSM6DS3_X_Get_Single_Tap_Detection_Status
                        0x08001861   0x28  Code  Lc  LSM6DS3_ACC_GYRO_driver_HL.o [1]
LSM6DS3_X_Get_Step_Count
                        0x08001559   0x12  Code  Lc  LSM6DS3_ACC_GYRO_driver_HL.o [1]
LSM6DS3_X_Get_Tilt_Detection_Status
                        0x0800164d   0x28  Code  Lc  LSM6DS3_ACC_GYRO_driver_HL.o [1]
LSM6DS3_X_Get_Wake_Up_Detection_Status
                        0x0800171d   0x28  Code  Lc  LSM6DS3_ACC_GYRO_driver_HL.o [1]
LSM6DS3_X_Get_WhoAmI    0x0800050f   0x12  Code  Lc  LSM6DS3_ACC_GYRO_driver_HL.o [1]
LSM6DS3_X_Init          0x08000125   0x8c  Code  Lc  LSM6DS3_ACC_GYRO_driver_HL.o [1]
LSM6DS3_X_Read_Reg      0x08000a49   0x14  Code  Lc  LSM6DS3_ACC_GYRO_driver_HL.o [1]
LSM6DS3_X_Sensor_Disable
                        0x08000463   0xac  Code  Lc  LSM6DS3_ACC_GYRO_driver_HL.o [1]
LSM6DS3_X_Sensor_Enable
                        0x080003c1   0xa2  Code  Lc  LSM6DS3_ACC_GYRO_driver_HL.o [1]
LSM6DS3_X_Set_Axes_Status
                        0x080009fd   0x4c  Code  Lc  LSM6DS3_ACC_GYRO_driver_HL.o [1]
LSM6DS3_X_Set_FS        0x0800092d   0x30  Code  Lc  LSM6DS3_ACC_GYRO_driver_HL.o [1]
LSM6DS3_X_Set_FS_Value  0x0800095d   0x42  Code  Lc  LSM6DS3_ACC_GYRO_driver_HL.o [1]
LSM6DS3_X_Set_Free_Fall_Threshold
                        0x08001489   0x12  Code  Lc  LSM6DS3_ACC_GYRO_driver_HL.o [1]
LSM6DS3_X_Set_Interrupt_Latch
                        0x08002117   0x1c  Code  Lc  LSM6DS3_ACC_GYRO_driver_HL.o [1]
LSM6DS3_X_Set_ODR       0x0800073d   0x64  Code  Lc  LSM6DS3_ACC_GYRO_driver_HL.o [1]
LSM6DS3_X_Set_ODR_Value
                        0x080007a1  0x136  Code  Lc  LSM6DS3_ACC_GYRO_driver_HL.o [1]
LSM6DS3_X_Set_ODR_Value_When_Enabled
                        0x080012fd   0x96  Code  Lc  LSM6DS3_ACC_GYRO_driver_HL.o [1]
LSM6DS3_X_Set_Pedometer_Threshold
                        0x08001593   0x12  Code  Lc  LSM6DS3_ACC_GYRO_driver_HL.o [1]
LSM6DS3_X_Set_SelfTest  0x08002133   0x1c  Code  Lc  LSM6DS3_ACC_GYRO_driver_HL.o [1]
LSM6DS3_X_Set_Tap_Duration_Time
                        0x08001a0f   0x12  Code  Lc  LSM6DS3_ACC_GYRO_driver_HL.o [1]
LSM6DS3_X_Set_Tap_Quiet_Time
                        0x080019fd   0x12  Code  Lc  LSM6DS3_ACC_GYRO_driver_HL.o [1]
LSM6DS3_X_Set_Tap_Shock_Time
                        0x080019eb   0x12  Code  Lc  LSM6DS3_ACC_GYRO_driver_HL.o [1]
LSM6DS3_X_Set_Tap_Threshold
                        0x080019d9   0x12  Code  Lc  LSM6DS3_ACC_GYRO_driver_HL.o [1]
LSM6DS3_X_Set_Wake_Up_Threshold
                        0x08001745   0x12  Code  Lc  LSM6DS3_ACC_GYRO_driver_HL.o [1]
LSM6DS3_X_Write_Reg     0x08000a5d   0x1a  Code  Lc  LSM6DS3_ACC_GYRO_driver_HL.o [1]
LoadInt                 0x08007939   0x4c  Code  Lc  xprintfsmall.o [3]
MAGNETO_Data            0x200019a0    0x8  Data  Lc  x_nucleo_iks01a1_magneto.o [1]
MAGNETO_SensorHandle    0x2000198c   0x14  Data  Lc  x_nucleo_iks01a1_magneto.o [1]
MAGNETO_handle          0x20000bd4    0x4  Data  Gb  main.o [1]
MAG_Value               0x20000ba0    0xc  Data  Gb  main.o [1]
MyHeader                0x20000e20  0x100  Data  Gb  main.o [1]
PLLMulTable             0x0800c63c    0xc  Data  Gb  system_stm32l1xx.o [1]
PRESSURE_Data           0x200017cc   0x18  Data  Lc  x_nucleo_iks01a1_pressure.o [1]
PRESSURE_SensorHandle   0x20001790   0x3c  Data  Lc  x_nucleo_iks01a1_pressure.o [1]
PRESSURE_Value          0x20000bb8    0x4  Data  Gb  main.o [1]
PRESSURE_handle         0x20000be0    0x4  Data  Gb  main.o [1]
Pres                    0x20000dbc   0x64  Data  Gb  main.o [1]
PresentationString      0x20000004   0x2c  Data  Gb  DemoSerial.o [1]
Region$$Table$$Base     0x0800c7e0          --   Gb  - Linker created -
Region$$Table$$Limit    0x0800c800          --   Gb  - Linker created -
Sensor_IO_Init          0x08003695   0xb2  Code  Gb  x_nucleo_iks01a1.o [1]
Sensor_IO_Read          0x080038a5   0x92  Code  Gb  x_nucleo_iks01a1.o [1]
Sensor_IO_Write         0x08003811   0x92  Code  Gb  x_nucleo_iks01a1.o [1]
Sensors_Enabled         0x20000bb0    0x4  Data  Gb  main.o [1]
Serialize_s32           0x08006dd9   0x2e  Code  Gb  serial_protocol.o [1]
SysTick_Handler         0x0800c659   0x30  Code  Gb  stm32l1xx_it.o [1]
SysTick_Handler::time   0x200019d0    0x2  Data  Lc  stm32l1xx_it.o [1]
SystemClock_Config      0x0800556d   0x8c  Code  Gb  cube_hal_l1.o [1]
SystemCoreClock         0x20000f28    0x4  Data  Gb  system_stm32l1xx.o [1]
SystemInit              0x0800c5f5   0x38  Code  Gb  system_stm32l1xx.o [1]
TEMPERATURE_Data        0x200016e0   0x20  Data  Lc  x_nucleo_iks01a1_temperature.o [1]
TEMPERATURE_SensorHandle
                        0x20001690   0x50  Data  Lc  x_nucleo_iks01a1_temperature.o [1]
TEMPERATURE_Value       0x20000bc0    0x4  Data  Gb  main.o [1]
TEMPERATURE_handle      0x20000bdc    0x4  Data  Gb  main.o [1]
Temp                    0x20000cf4   0x64  Data  Gb  main.o [1]
UART_Receive_IT         0x08007127   0xaa  Code  Lc  stm32l1xx_hal_uart.o [1]
UART_RxBuffer           0x2000068c    0xc  Data  Gb  gsm.o [1]
UART_SetConfig          0x080071d1  0x1f2  Code  Lc  stm32l1xx_hal_uart.o [1]
USART2_IRQHandler       0x0800c689    0x6  Code  Gb  stm32l1xx_it.o [1]
_Close_all              0x0800c6c9   0x58  Code  Gb  xcloseall.o [3]
_EncodingSb_Mbtowc      0x08007f53   0x30  Code  Gb  xencoding_sb.o [3]
_EncodingSb_Mbtowc::initial
                        0x08007f90    0x8  Data  Lc  xencoding_sb.o [3]
_EncodingSb_Wctomb      0x08007f39   0x1a  Code  Gb  xencoding_sb.o [3]
_EncodingSb_Wctomb::initial
                        0x08007f88    0x8  Data  Lc  xencoding_sb.o [3]
_Files                  0x20000fec   0x20  Data  Gb  xfiles.o [3]
_Fofree                 0x0800c3e5   0x78  Code  Gb  xfofind.o [3]
_Fspos                  0x0800bf69   0xd6  Code  Gb  xfspos.o [3]
_Fwprep                 0x0800c309   0xb8  Code  Gb  xfwprep.o [3]
_IsdstStr               0x20001018    0x4  Data  Gb  setlocale.o [3]
_LitobSmall             0x08007bb7   0xce  Code  Lc  xprintfsmall.o [3]
_LocaleEncoding         0x08007f25    0xe  Code  Gb  setlocale.o [3]
_LocaleReturnString     0x20001038   0x50  Data  Lc  setlocale.o [3]
_Locale_Profile         0x2000101c   0x1c  Data  Gb  setlocale.o [3]
_Mbtowc                 0x08007d1b   0x20  Code  Gb  xmbtowc.o [3]
_Nnl                    0x0800c0f1    0xc  Code  Gb  xfgpos.o [3]
_PrintfSmall            0x08007509  0x430  Code  Gb  xprintfsmall.o [3]
_Prout                  0x0800c849   0x16  Code  Gb  xprout.o [3]
_PutcharsSmall          0x08007c85   0x2e  Code  Lc  xprintfsmall.o [3]
_PutstrSmall            0x08007985  0x228  Code  Lc  xprintfsmall.o [3]
_SNProut                0x0800219b   0x1a  Code  Gb  xsnprout.o [3]
_TzoneStr               0x20001014    0x4  Data  Gb  setlocale.o [3]
_Wctomb                 0x08007e89   0x1a  Code  Gb  xwctomb.o [3]
__aeabi_cfcmple         0x08003519         Code  Gb  FltCmpLe.o [4]
__aeabi_cfrcmple        0x08006a39         Code  Gb  FltCmpGe.o [4]
__aeabi_d2iz            0x08006d49         Code  Gb  DblToI32.o [4]
__aeabi_dmul            0x08006b95         Code  Gb  DblMul.o [4]
__aeabi_errno_addr      0x0800c149    0x6  Code  Gb  errno.o [3]
__aeabi_f2d             0x08006b45         Code  Gb  FltToDbl.o [4]
__aeabi_f2iz            0x08003649         Code  Gb  FltToS32.o [4]
__aeabi_fadd            0x08007405         Code  Gb  FltAdd.o [4]
__aeabi_fdiv            0x0800a449         Code  Gb  FltDiv.o [4]
__aeabi_fmul            0x08003571         Code  Gb  FltMul.o [4]
__aeabi_fsub            0x08006a5d         Code  Gb  FltSub.o [4]
__aeabi_i2f             0x0800353d         Code  Gb  I32ToFlt.o [4]
__aeabi_memclr          0x0800368d         Code  Gb  ABImemclr.o [5]
__aeabi_memclr4         0x080073fd         Code  Gb  ABImemclr4.o [5]
__aeabi_ui2f            0x08003551         Code  Gb  I32ToFlt.o [4]
__cexit_closeall        0x0800c827         Code  Gb  cexit.o [5]
__close                 0x0800c4df   0x1a  Code  Gb  close.o [6]
__cmain                 0x0800c801         Code  Gb  cmain.o [5]
__cstart_closeall       0x0800c984         Data  Gb  cstart_closeall.o [5]
__data_Aldata           0x200019c4    0x8  Data  Gb  xxmemxmalloc.o [3]
__data_GetMemChunk      0x08007f99   0x2c  Code  Gb  xgetmemchunk.o [3]
__data_GetMemChunk::start
                        0x200019dc    0x4  Data  Lc  xgetmemchunk.o [3]
__dwrite                0x0800c235   0x1e  Code  Gb  dwrite.o [6]
__exit                  0x0800c835   0x14  Code  Gb  exit.o [6]
__iar_Dint              0x08007489   0x7e  Code  Gb  xdint.o [4]
__iar_Errno             0x20001088    0x4  Data  Gb  errno.o [3]
__iar_Lockfilelock      0x0800c155    0x2  Code  Gb  xsyslock_nop.o [3]
__iar_Mbcurmax          0x08007dcd    0xa  Code  Gb  xmbcurmax.o [3]
__iar_Memchr            0x08007d75         Code  Gb  memchr.o [5]
__iar_Memset4_word      0x08007ce9         Code  Gb  ABImemset48.o [5]
__iar_Memset8_word      0x08007ce9         Code  Gb  ABImemset48.o [5]
__iar_Memset_word       0x08003a09         Code  Gb  ABImemset.o [5]
__iar_Stderr            0x20000fac   0x40  Data  Gb  xfiles.o [3]
__iar_Stdin             0x20000f2c   0x40  Data  Gb  xfiles.o [3]
__iar_Stdout            0x20000f6c   0x40  Data  Gb  xfiles.o [3]
__iar_Strchr            0x08007cd1         Code  Gb  strchr.o [5]
__iar_Strstr            0x080073cf   0x2e  Code  Gb  strstr.o [3]
__iar_Unlockfilelock    0x0800c157    0x2  Code  Gb  xsyslock_nop.o [3]
__iar_close_ttio        0x0800c295   0x2e  Code  Gb  iarttio.o [6]
__iar_d2uiz             0x08006d75         Code  Gb  DblToI32.o [4]
__iar_data_init3        0x0800c7b9   0x28  Code  Gb  data_init.o [5]
__iar_dlib_perthread_access
                        0x08007fc5    0x2  Code  Gb  xtls.o [3]
__iar_fadd              0x08007415         Code  Gb  FltAdd.o [4]
__iar_fsub              0x08006a6d         Code  Gb  FltSub.o [4]
__iar_fsubStart         0x08006a7d         Code  Gb  FltSub.o [4]
__iar_get_ttio          0x0800c2c5   0x38  Code  Gb  iarttio.o [6]
__iar_lookup_ttioh      0x0800c301    0x8  Code  Gb  XShttio.o [3]
__iar_lz77_init_single3
                        0x0800c50f   0x78  Code  Gb  lz77_init_single.o [5]
__iar_program_start     0x0800c87d         Code  Gb  cstartup_M.o [5]
__iar_sh_Discard        0x0800c169   0x3e  Code  Gb  XShHandles.o [3]
__iar_sh_Move           0x0800c1ad   0x46  Code  Gb  XShHandles.o [3]
__iar_sh_Pos            0x0800c1f3   0x3e  Code  Gb  XShHandles.o [3]
__iar_sh_stdout         0x0800c253   0x20  Code  Gb  iarwstd.o [6]
__iar_sh_write          0x0800c273   0x22  Code  Gb  iarwrite.o [6]
__iar_ttio_handles      0x2000100c    0x8  Data  Lc  XShttio.o [3]
__iar_ui2f              0x08003555         Code  Gb  I32ToFlt.o [4]
__iar_unaligned___aeabi_memcpy
                        0x080069c1         Code  Gb  ABImemcpy_unaligned.o [5]
__iar_unaligned___aeabi_memcpy4
                        0x080069e1         Code  Gb  ABImemcpy_unaligned.o [5]
__iar_unaligned___aeabi_memcpy8
                        0x080069e1         Code  Gb  ABImemcpy_unaligned.o [5]
__iar_zero_init3        0x0800c777   0x40  Code  Gb  zero_init3.o [5]
__low_level_init        0x0800c81b    0x4  Code  Gb  low_level_init.o [3]
__lseek                 0x0800c0fd   0x4c  Code  Gb  lseek.o [6]
__vector_table          0x08000000         Data  Gb  startup_stm32l152xe.o [1]
__write                 0x0800c159   0x10  Code  Gb  write.o [6]
_call_main              0x0800c80d         Code  Gb  cmain.o [5]
_exit                   0x0800c825         Code  Gb  cexit.o [5]
_main                   0x0800c817         Code  Gb  cmain.o [5]
aaa                     0x20000bf0    0x4  Data  Gb  main.o [1]
ctrlz                   0x08005c18    0x1  Data  Gb  gsm.o [1]
dataOut                 0x20000bf4  0x100  Data  Gb  main.o [1]
ebuf                    0x20001844   0x50  Data  Lc  xfiles.o [3]
enableTimer             0x200019cc    0x1  Data  Gb  stm32l1xx_it.o [1]
exit                    0x0800c81f    0x4  Code  Gb  exit.o [3]
fclose                  0x0800c465   0x7a  Code  Gb  fclose.o [3]
fflush                  0x0800c0b7   0x34  Code  Gb  fflush.o [3]
fflushOne               0x0800c041   0x76  Code  Lc  fflush.o [3]
final_humid             0x20000be8    0x4  Data  Gb  main.o [1]
final_pres              0x20000bec    0x4  Data  Gb  main.o [1]
final_temp              0x20000be4    0x4  Data  Gb  main.o [1]
flagCount               0x200019ce    0x1  Data  Gb  stm32l1xx_it.o [1]
fputc                   0x0800c721   0x56  Code  Gb  fputc.o [3]
free                    0x08007ea5   0x7a  Code  Gb  xxmemxfree.o [3]
fseek                   0x0800c3c1   0x22  Code  Gb  fseek.o [3]
huart2                  0x20000030   0x40  Data  Gb  gsm.o [1]
main                    0x08004df9  0x582  Code  Gb  main.o [1]
malloc                  0x08007dd9   0xac  Code  Gb  xxmemxmalloc.o [3]
memchr                  0x08007d75         Code  Gb  memchr.o [5]
obuf                    0x20001894   0x50  Data  Lc  xfiles.o [3]
printf                  0x0800aedd   0x24  Code  Gb  printf.o [3]
putchar                 0x0800c861    0xc  Code  Gb  putchar.o [3]
remove                  0x0800c4f9   0x16  Code  Gb  remove.o [6]
sFileInfo               0x20001710   0x80  Data  Lc  XShHandles.o [3]
snprintf                0x08006d95   0x44  Code  Gb  snprintf.o [3]
strchr                  0x08007cd1         Code  Gb  strchr.o [5]
strlen                  0x08007d3d         Code  Gb  strlen.o [5]
tempFlag                0x200019cd    0x1  Data  Gb  stm32l1xx_it.o [1]
trunc                   0x08006d37   0x12  Code  Gb  trunc.o [4]
uwTick                  0x200019d8    0x4  Data  Gb  stm32l1xx_hal.o [1]


[1] = C:\Users\Sanjoth\Desktop\Merged Program\MEMS+SIM\STM32CubeExpansion_MEMS1_V4.0.0\Projects\Multi\Examples\IKS01A1\DataLog\EWARM\STM32L152RE-Nucleo\STM32L1xx-Nucleo\Obj
[2] = command line
[3] = dl7M_tlf.a
[4] = m7M_tl.a
[5] = rt7M_tl.a
[6] = shb_l.a

  51 438 bytes of readonly  code memory
   1 319 bytes of readonly  data memory
   6 620 bytes of readwrite data memory

Errors: none
Warnings: none
